--------- beginning of main
12-16 15:49:25.167  1161 21134 E LocSvc_ApiV02: I/<--- void globalEventCb(locClientHandleType, uint32_t, locClientEventIndUnionType, void*) line 104 QMI_LOC_EVENT_GNSS_SV_INFO_IND_V02
12-16 15:49:25.167  1161  4167 D GpsLocationProvider_ex: SV Count : 0      (PRN, SNR, Elevation, Azimuth, Used)
12-16 15:49:25.347  3930  3930 D StatusBar.NetworkController: onDataActivity: direction=2
12-16 15:49:25.347  3930  3930 D StatusBar.NetworkController: updateDataIcon, mDataDirectionIconId = com.android.systemui:drawable/stat_sys_data_fully_connected_4g mDataConnected = true
12-16 15:49:25.357   290   290 E lowmemorykiller: Error writing /proc/30533/oom_score_adj; errno=22
12-16 15:49:25.447  3930  3930 D StatusBar.NetworkController: refreshViews connected={ data } level=0 combinedSignalIconId=0x7f020520/com.android.systemui:drawable/stat_sys_signal_0_auto_rotate mobileLabel=Telstra wifiLabel= emergencyOnly=false combinedLabel=Telstra mAirplaneMode=false mDataActivity=2 mPhoneSignalIconId=0x7f020520/com.android.systemui:drawable/stat_sys_signal_0_auto_rotate mQSPhoneSignalIconId=0x7f020158/com.android.systemui:drawable/ic_qs_signal_0 mDataDirectionIconId=0x7f02043a/com.android.systemui:drawable/stat_sys_data_fully_connected_4g mDataSignalIconId=0x7f020520/com.android.systemui:drawable/stat_sys_signal_0_auto_rotate mDataTypeIconId=0x7f0203f9/com.android.systemui:drawable/stat_sys_data_connected_4g mQSDataTypeIconId=0x7f02015f/com.android.systemui:drawable/ic_qs_signal_4g mNoSimIconId=0x0/(null) mWifiIconId=0x0/(null) mQSWifiIconId=0x0/(null) mWifiActivityIconId=0x0/(null) mBluetoothTetherIconId=0x7f020624/com.android.systemui:drawable/stat_sys_tether_bluetooth
12-16 15:49:25.447  3930  3930 D StatusBar.NetworkController: refreshNwBoosterIndicator - setNWBoosterIndicators(false)
12-16 15:49:25.447  3930  3930 D StatusBar.NetworkController: refreshNwBoosterIndicator - setNWBoosterIndicators(false)
12-16 15:49:25.447  3930  3930 D StatusBar.NetworkController: refreshNwBoosterIndicator - setNWBoosterIndicators(false)
12-16 15:49:25.457  3930  3930 D StatusBar.NetworkController: refreshNwBoosterIndicator - setNWBoosterIndicators(false)
12-16 15:49:26.167  1161 21134 E LocSvc_ApiV02: I/<--- void globalEventCb(locClientHandleType, uint32_t, locClientEventIndUnionType, void*) line 104 QMI_LOC_EVENT_GNSS_SV_INFO_IND_V02
12-16 15:49:26.177  1161  4167 D GpsLocationProvider_ex: SV Count : 0      (PRN, SNR, Elevation, Azimuth, Used)
12-16 15:49:26.377  3930  3930 D StatusBar.NetworkController: onDataActivity: direction=1
12-16 15:49:26.377  3930  3930 D StatusBar.NetworkController: updateDataIcon, mDataDirectionIconId = com.android.systemui:drawable/stat_sys_data_fully_connected_4g mDataConnected = true
12-16 15:49:26.397 27026 27026 E Zygote  : v2
12-16 15:49:26.397 27026 27026 I SELinux : Function: selinux_compare_spd_ram, index[1], SPD-policy is existed. and_ver=SEPF_SM-G900I_5.0-1 ver=51
12-16 15:49:26.397 27026 27026 W SELinux : Function: selinux_compare_spd_ram, index[1], priority [2], priority version is VE=SEPF_SECMOBILE_6.0.1_0030
12-16 15:49:26.407 27026 27026 E Zygote  : accessInfo : 0
12-16 15:49:26.407 27026 27026 W SELinux : SELinux: seapp_context_lookup: seinfo=platform, level=s0:c512,c768, pkgname=com.sec.android.automotive.drivelink 
12-16 15:49:26.437 27026 27026 D TimaKeyStoreProvider: TimaSignature is unavailable
12-16 15:49:26.437 27026 27026 D ActivityThread: Added TimaKeyStore provider
12-16 15:49:26.477  3930  3930 D StatusBar.NetworkController: refreshViews connected={ data } level=0 combinedSignalIconId=0x7f020520/com.android.systemui:drawable/stat_sys_signal_0_auto_rotate mobileLabel=Telstra wifiLabel= emergencyOnly=false combinedLabel=Telstra mAirplaneMode=false mDataActivity=1 mPhoneSignalIconId=0x7f020520/com.android.systemui:drawable/stat_sys_signal_0_auto_rotate mQSPhoneSignalIconId=0x7f020158/com.android.systemui:drawable/ic_qs_signal_0 mDataDirectionIconId=0x7f02043a/com.android.systemui:drawable/stat_sys_data_fully_connected_4g mDataSignalIconId=0x7f020520/com.android.systemui:drawable/stat_sys_signal_0_auto_rotate mDataTypeIconId=0x7f0203f9/com.android.systemui:drawable/stat_sys_data_connected_4g mQSDataTypeIconId=0x7f02015f/com.android.systemui:drawable/ic_qs_signal_4g mNoSimIconId=0x0/(null) mWifiIconId=0x0/(null) mQSWifiIconId=0x0/(null) mWifiActivityIconId=0x0/(null) mBluetoothTetherIconId=0x7f020624/com.android.systemui:drawable/stat_sys_tether_bluetooth
12-16 15:49:26.477  3930  3930 D StatusBar.NetworkController: refreshNwBoosterIndicator - setNWBoosterIndicators(false)
12-16 15:49:26.487  3930  3930 D StatusBar.NetworkController: refreshNwBoosterIndicator - setNWBoosterIndicators(false)
12-16 15:49:26.487  3930  3930 D StatusBar.NetworkController: refreshNwBoosterIndicator - setNWBoosterIndicators(false)
12-16 15:49:26.487  3930  3930 D StatusBar.NetworkController: refreshNwBoosterIndicator - setNWBoosterIndicators(false)
12-16 15:49:26.527 27026 27026 W System  : ClassLoader referenced unknown path: /system/app/DriveLink/lib/arm
12-16 15:49:26.667 27026 27058 I GMPM    : App measurement is starting up
12-16 15:49:26.677 27026 27026 E [CarMode]: [DLApplication]-onCreate: Applicatino Started!
12-16 15:49:26.677 27026 27058 E GMPM    : getGoogleAppId failed with status: 10
12-16 15:49:26.687 27026 27058 E GMPM    : Uploading is not possible. App measurement disabled
12-16 15:49:26.797 27026 27026 D SampleAppCoreManager: SampleAppCoreManager VACVersion '2.6.9.18467'
12-16 15:49:26.807 27026 27026 I VlingoAndroidCore: AppName: SamsungCCKProject, Core: 2.6.9.18467, SDK: 2.0.2440, EDM:18467
12-16 15:49:26.897 27070 27070 E Zygote  : v2
12-16 15:49:26.897 27070 27070 I SELinux : Function: selinux_compare_spd_ram, index[1], SPD-policy is existed. and_ver=SEPF_SM-G900I_5.0-1 ver=51
12-16 15:49:26.897 27070 27070 W SELinux : Function: selinux_compare_spd_ram, index[1], priority [2], priority version is VE=SEPF_SECMOBILE_6.0.1_0030
12-16 15:49:26.897 27070 27070 E Zygote  : accessInfo : 0
12-16 15:49:26.897 27070 27070 W SELinux : SELinux: seapp_context_lookup: seinfo=samsung, level=s0:c512,c768, pkgname=com.vlingo.midas 
12-16 15:49:26.927 27070 27070 D TimaKeyStoreProvider: TimaSignature is unavailable
12-16 15:49:26.927 27070 27070 D ActivityThread: Added TimaKeyStore provider
12-16 15:49:26.997 27070 27070 W System  : ClassLoader referenced unknown path: /system/priv-app/S-Voice_Android_phone/lib/arm
12-16 15:49:27.177  1161 21134 E LocSvc_ApiV02: I/<--- void globalEventCb(locClientHandleType, uint32_t, locClientEventIndUnionType, void*) line 104 QMI_LOC_EVENT_GNSS_SV_INFO_IND_V02
12-16 15:49:27.177  1161  4167 D GpsLocationProvider_ex: SV Count : 0      (PRN, SNR, Elevation, Azimuth, Used)
12-16 15:49:27.237 27070 27070 I VlingoApplication: VlingoApplication appVersion ='11.7.0.1.41605', coreVersion = '2.6.12.18641', ro.csc.sales_code=TEL
12-16 15:49:27.237 27026 27026 D [CarMode]: [DLApplication]-GooglePlayServices SUCCESS.
12-16 15:49:27.247 27026 27026 E [CarMode]: [DLApplication]-PREF_CAR_APP_RUNNING is set to false
12-16 15:49:27.247 27026 27026 I MediaPlayer: Need to enable context aware info
12-16 15:49:27.247 27026 27026 V MediaPlayer-JNI: native_setup
12-16 15:49:27.247 27026 27026 E MediaPlayer-JNI: JNIMediaPlayerFactory: bIsQCMediaPlayerPresent 0
12-16 15:49:27.247 27026 27026 E MediaPlayer-JNI: JNIMediaPlayerFactory: bIsQCMediaPlayerPresent 0
12-16 15:49:27.247 27026 27026 V MediaPlayer: constructor
12-16 15:49:27.267 27026 27026 V MediaPlayer: setListener
12-16 15:49:27.277 27070 27070 I VlingoAndroidCore: AppName: SamsungTproject, Core: 2.6.12.18641, SDK: 2.0.2457, EDM:18641
12-16 15:49:27.287 27026 27026 D DialogFlow: initQueue()
12-16 15:49:27.327  1161  4247 D PackageManager: setEnabledSetting : userId = 0 packageName = com.vlingo.midas cmp = com.vlingo.midas.settings.DrivingModeSettings newState = 2 callingPackage = 10037
12-16 15:49:27.367 27109 27109 E Zygote  : v2
12-16 15:49:27.367 27109 27109 I SELinux : Function: selinux_compare_spd_ram, index[1], SPD-policy is existed. and_ver=SEPF_SM-G900I_5.0-1 ver=51
12-16 15:49:27.367 27109 27109 W SELinux : Function: selinux_compare_spd_ram, index[1], priority [2], priority version is VE=SEPF_SECMOBILE_6.0.1_0030
12-16 15:49:27.367 27026 27103 I TextToSpeech: Sucessfully bound to com.samsung.SMT
12-16 15:49:27.367 27109 27109 E Zygote  : accessInfo : 0
12-16 15:49:27.367 27026 27103 E TTSEngine: engine initialization not success after waiting 0
12-16 15:49:27.377 27026 27103 E TTSEngine: required engine com.samsung.SMT initialization not success
12-16 15:49:27.377 27026 27103 W TextToSpeech: stop failed: not bound to TTS engine
12-16 15:49:27.377 27026 27103 E TTSEngine: destroyLocalTTSEngine call to stop() failed
12-16 15:49:27.377  3930  3930 D StatusBar.NetworkController: onDataActivity: direction=0
12-16 15:49:27.377  3930  3930 D StatusBar.NetworkController: updateDataIcon, mDataDirectionIconId = com.android.systemui:drawable/stat_sys_data_fully_connected_4g mDataConnected = true
12-16 15:49:27.397 27070 27070 D VlingoApplication: sac sec ensureCacheEmpty() car_iux_tts_cacheing_required set to false
12-16 15:49:27.407 27070 27070 D VlingoApplication: sac sec ensureCacheEmpty() purged 0 historically cached TTS files
12-16 15:49:27.407 27026 27103 I TextToSpeech: Sucessfully bound to com.google.android.tts
12-16 15:49:27.407 27026 27103 E TTSEngine: engine initialization not success after waiting 0
12-16 15:49:27.407 27026 27103 W TextToSpeech: stop failed: not bound to TTS engine
12-16 15:49:27.407 27026 27103 E TTSEngine: destroyLocalTTSEngine call to stop() failed
12-16 15:49:27.417 27121 27121 E Zygote  : v2
12-16 15:49:27.417 27121 27121 I SELinux : Function: selinux_compare_spd_ram, index[1], SPD-policy is existed. and_ver=SEPF_SM-G900I_5.0-1 ver=51
12-16 15:49:27.417 27121 27121 W SELinux : Function: selinux_compare_spd_ram, index[1], priority [2], priority version is VE=SEPF_SECMOBILE_6.0.1_0030
12-16 15:49:27.417 27109 27109 D TimaKeyStoreProvider: TimaSignature is unavailable
12-16 15:49:27.417 27109 27109 D ActivityThread: Added TimaKeyStore provider
12-16 15:49:27.417 27121 27121 E Zygote  : accessInfo : 0
12-16 15:49:27.417 27026 27103 I TextToSpeech: Sucessfully bound to com.google.android.tts
12-16 15:49:27.417 27026 27103 E TTSEngine: engine initialization not success after waiting 0
12-16 15:49:27.417 27026 27105 W TextToSpeech: stop failed: not bound to TTS engine
12-16 15:49:27.417 27121 27121 W SELinux : SELinux: seapp_context_lookup: seinfo=untrusted, level=s0:c512,c768, pkgname=com.google.android.tts 
12-16 15:49:27.417 27026 27105 E TTSEngine: destroyLocalTTSEngine call to stop() failed
12-16 15:49:27.417 27070 27070 D DialogFlow: initQueue()
12-16 15:49:27.427 27070 27070 I MediaPlayer: Need to enable context aware info
12-16 15:49:27.427 27070 27070 V MediaPlayer-JNI: native_setup
12-16 15:49:27.427 27070 27070 E MediaPlayer-JNI: JNIMediaPlayerFactory: bIsQCMediaPlayerPresent 0
12-16 15:49:27.427 27070 27070 E MediaPlayer-JNI: JNIMediaPlayerFactory: bIsQCMediaPlayerPresent 0
12-16 15:49:27.427 27070 27070 V MediaPlayer: constructor
12-16 15:49:27.427 27070 27070 V MediaPlayer: setListener
12-16 15:49:27.467 27121 27121 D TimaKeyStoreProvider: TimaSignature is unavailable
12-16 15:49:27.467 27109 27109 W System  : ClassLoader referenced unknown path: /system/app/SamsungTTS/lib/arm
12-16 15:49:27.467 27121 27121 D ActivityThread: Added TimaKeyStore provider
12-16 15:49:27.477  3930  3930 D StatusBar.NetworkController: refreshViews connected={ data } level=0 combinedSignalIconId=0x7f020520/com.android.systemui:drawable/stat_sys_signal_0_auto_rotate mobileLabel=Telstra wifiLabel= emergencyOnly=false combinedLabel=Telstra mAirplaneMode=false mDataActivity=0 mPhoneSignalIconId=0x7f020520/com.android.systemui:drawable/stat_sys_signal_0_auto_rotate mQSPhoneSignalIconId=0x7f020158/com.android.systemui:drawable/ic_qs_signal_0 mDataDirectionIconId=0x7f02043a/com.android.systemui:drawable/stat_sys_data_fully_connected_4g mDataSignalIconId=0x7f020520/com.android.systemui:drawable/stat_sys_signal_0_auto_rotate mDataTypeIconId=0x7f0203f9/com.android.systemui:drawable/stat_sys_data_connected_4g mQSDataTypeIconId=0x7f02015f/com.android.systemui:drawable/ic_qs_signal_4g mNoSimIconId=0x0/(null) mWifiIconId=0x0/(null) mQSWifiIconId=0x0/(null) mWifiActivityIconId=0x0/(null) mBluetoothTetherIconId=0x7f020624/com.android.systemui:drawable/stat_sys_tether_bluetooth
12-16 15:49:27.477  3930  3930 D StatusBar.NetworkController: refreshNwBoosterIndicator - setNWBoosterIndicators(false)
12-16 15:49:27.487  3930  3930 D StatusBar.NetworkController: refreshNwBoosterIndicator - setNWBoosterIndicators(false)
12-16 15:49:27.487  3930  3930 D StatusBar.NetworkController: refreshNwBoosterIndicator - setNWBoosterIndicators(false)
12-16 15:49:27.487  3930  3930 D StatusBar.NetworkController: refreshNwBoosterIndicator - setNWBoosterIndicators(false)
12-16 15:49:27.537 27070 27131 I TextToSpeech: Sucessfully bound to com.samsung.SMT
12-16 15:49:27.587 27121 27121 I GAv4    : Google Analytics 7.8.95 is starting up. To enable debug logging on a device run:
12-16 15:49:27.587 27121 27121 I GAv4    :   adb shell setprop log.tag.GAv4 DEBUG
12-16 15:49:27.587 27121 27121 I GAv4    :   adb logcat -s GAv4
12-16 15:49:27.607 27121 27121 W GAv4    : AnalyticsReceiver is not registered or is disabled. Register the receiver for reliable dispatching on non-Google Play devices. See http://goo.gl/8Rd3yj for instructions.
12-16 15:49:27.617 27121 27121 W GAv4    : CampaignTrackingReceiver is not registered, not exported or is disabled. Installation campaign tracking is not possible. See http://goo.gl/8Rd3yj for instructions.
12-16 15:49:27.627 27121 27121 I SettingsHelper: Couldn't read preferred locale from settings.
12-16 15:49:27.627 27121 27147 W GAv4    : AnalyticsService not registered in the app manifest. Hits might not be delivered reliably. See http://goo.gl/8Rd3yj for instructions.
12-16 15:49:27.887 27109 27109 I SamsungTTS: Interface ver201503021
12-16 15:49:27.887 27109 27109 I SamsungTTS: Engine ver201401011
12-16 15:49:27.897 27109 27109 D SamsungTTS: onDestroy()
12-16 15:49:27.897 27109 27109 I art     : System.exit called, status: 0
12-16 15:49:27.897 27109 27109 I AndroidRuntime: VM exiting with result code 0, cleanup skipped.
12-16 15:49:28.077 27121 27121 I IntegrityChecker: Checking integrity of voice: en-au-x-afh, revision: 1
12-16 15:49:28.077 27121 27121 W IntegrityChecker: No checksums for voice: en-au-x-afh, revision: 1
12-16 15:49:28.077 27070 27108 W         : Unable to open '/system/framework/com.qti.location.sdk.jar': No such file or directory
12-16 15:49:28.077 27070 27108 W art     : Failed to open zip archive '/system/framework/com.qti.location.sdk.jar': I/O Error
12-16 15:49:28.097 27121 27121 I VoiceDataUpdater: Requesting update for en-au-x-afhfrom revision 1 to 3
12-16 15:49:28.107 27070 27108 W         : Unable to open '/system/framework/com.qti.location.sdk.jar': No such file or directory
12-16 15:49:28.107 27070 27108 W art     : Failed to open zip archive '/system/framework/com.qti.location.sdk.jar': I/O Error
12-16 15:49:28.107 27070 27108 I System.out: INFO:Resource not found:/Common.properties Using default values
12-16 15:49:28.117 27070 27108 W         : Unable to open '/system/framework/com.qti.location.sdk.jar': No such file or directory
12-16 15:49:28.117 27070 27108 W art     : Failed to open zip archive '/system/framework/com.qti.location.sdk.jar': I/O Error
12-16 15:49:28.127 27121 27121 I SettingsHelper: Couldn't read preferred locale from settings.
12-16 15:49:28.127 27121 27121 I GoogleTTSService: Creating Google TTS service, version 3.9.11
12-16 15:49:28.137 27121 27121 I PattsJniLoader: Loading library tts_android_neon
12-16 15:49:28.167  1161 21134 E LocSvc_ApiV02: I/<--- void globalEventCb(locClientHandleType, uint32_t, locClientEventIndUnionType, void*) line 104 QMI_LOC_EVENT_GNSS_SV_INFO_IND_V02
12-16 15:49:28.167  1161  4167 D GpsLocationProvider_ex: SV Count : 0      (PRN, SNR, Elevation, Azimuth, Used)
12-16 15:49:28.217 27121 27121 E NetworkSynthesizer: Network synthesizer has multiple voices for a single locale
12-16 15:49:28.217 27121 27121 E NetworkSynthesizer: Network synthesizer has multiple voices for a single locale
12-16 15:49:28.217 27121 27121 E NetworkSynthesizer: Network synthesizer has multiple voices for a single locale
12-16 15:49:28.247 27121 27170 I ControllerSynthesizer: Initializing en-au-x-afh with type 2
12-16 15:49:28.297 27121 27170 E native  : pipeline_builder.cc:77 Failed to load resource: name: "resolve_homographs_simple_algo" classname: "ResolveHomographsSimple" params { [speech.tts.ResourceReferenceParams.id] { basic_homographs_ref: "homograph_definitions" utf8_utils_ref: "utf8_utils" } }, status=*** Error status -73553: Resource 'engine_config' not defined ***
12-16 15:49:28.297 27121 27170 E native  : 
12-16 15:49:28.307 27121 27170 E native  : local_pipeline_runner.cc:89 Greco internal error: *** Error status -73553: Resource 'engine_config' not defined ***
12-16 15:49:28.307 27121 27170 E native  : 
12-16 15:49:28.307 27121 27170 E native  : tts_controller.cc:121 Failed to load resources!
12-16 15:49:28.307 27121 27170 E native  : tts_controller_jni.cc:179 Failed to initialize controller!
12-16 15:49:28.307 27121 27170 E AndroidTtsController-tts: Failed to load pipeline definitions!
12-16 15:49:28.317 27121 27170 E ControllerSynthesizer: Failed to load synthesis data.
12-16 15:49:28.317 27121 27170 E LocalSynthesizer: Failed initializing controller with voice en-au-x-afh
12-16 15:49:28.317 27121 27170 E LocalSynthesizer: Failed loading installed voice
12-16 15:49:28.947 27183 27183 E Zygote  : v2
12-16 15:49:28.957 27183 27183 I SELinux : Function: selinux_compare_spd_ram, index[1], SPD-policy is existed. and_ver=SEPF_SM-G900I_5.0-1 ver=51
12-16 15:49:28.957 27183 27183 W SELinux : Function: selinux_compare_spd_ram, index[1], priority [2], priority version is VE=SEPF_SECMOBILE_6.0.1_0030
12-16 15:49:28.957 27183 27183 E Zygote  : accessInfo : 0
12-16 15:49:28.987 27183 27183 D TimaKeyStoreProvider: TimaSignature is unavailable
12-16 15:49:28.987 27183 27183 D ActivityThread: Added TimaKeyStore provider
12-16 15:49:29.007 27183 27183 W System  : ClassLoader referenced unknown path: /system/app/SamsungTTS/lib/arm
12-16 15:49:29.167  1161 21134 E LocSvc_ApiV02: I/<--- void globalEventCb(locClientHandleType, uint32_t, locClientEventIndUnionType, void*) line 104 QMI_LOC_EVENT_GNSS_SV_INFO_IND_V02
12-16 15:49:29.167  1161  4167 D GpsLocationProvider_ex: SV Count : 0      (PRN, SNR, Elevation, Azimuth, Used)
12-16 15:49:29.337 27183 27183 D SamsungTTS: onLoadLanguage() : [ LANG_COUNTRY_AVAILABLE ]  L=eng  C=AUS  DV=l02
12-16 15:49:29.347 27183 27183 D LIBSVOX : native_setup: initialize TTS...
12-16 15:49:29.557 27183 27183 I SamsungTTS: Interface ver201503021
12-16 15:49:29.557 27183 27183 I SamsungTTS: Engine ver201401011
12-16 15:49:29.557 27070 27070 I TextToSpeech: Connected to ComponentInfo{com.samsung.SMT/com.samsung.SMT.SamsungTTSService}
12-16 15:49:29.577 27183 27193 D SamsungTTS: onIsLanguageAvailable() : L=eng  C=AUS  V=null  LANG_COUNTRY_AVAILABLE
12-16 15:49:29.577 27070 27209 I TextToSpeech: Set up connection to ComponentInfo{com.samsung.SMT/com.samsung.SMT.SamsungTTSService}
12-16 15:49:29.837 27183 27210 D SamsungTTS: onIsLanguageAvailable() : L=eng  C=GBR  V=null  LANG_COUNTRY_AVAILABLE
12-16 15:49:29.847 27183 27193 D SamsungTTS: onIsLanguageAvailable() : L=eng  C=GBR  V=null  LANG_COUNTRY_AVAILABLE
12-16 15:49:29.847 27183 27203 D SamsungTTS: onIsLanguageAvailable() : L=eng  C=GBR  V=f00  LANG_COUNTRY_VAR_AVAILABLE
12-16 15:49:29.847 27183 27203 D SamsungTTS: onLoadLanguage() : [ LANG_COUNTRY_VAR_AVAILABLE ]  L=eng  C=GBR  V=f00
12-16 15:49:30.167  1161 21134 E LocSvc_ApiV02: I/<--- void globalEventCb(locClientHandleType, uint32_t, locClientEventIndUnionType, void*) line 104 QMI_LOC_EVENT_GNSS_SV_INFO_IND_V02
12-16 15:49:30.167  1161  4167 D GpsLocationProvider_ex: SV Count : 0      (PRN, SNR, Elevation, Azimuth, Used)
12-16 15:49:31.177  1161 21134 E LocSvc_ApiV02: I/<--- void globalEventCb(locClientHandleType, uint32_t, locClientEventIndUnionType, void*) line 104 QMI_LOC_EVENT_GNSS_SV_INFO_IND_V02
12-16 15:49:31.177  1161  4167 D GpsLocationProvider_ex: SV Count : 0      (PRN, SNR, Elevation, Azimuth, Used)
12-16 15:49:31.197  3930  3930 D KeyguardUpdateMonitor: received broadcast android.intent.action.BATTERY_CHANGED
12-16 15:49:31.197  3930  3930 I PERF    : received broadcast android.intent.action.BATTERY_CHANGED
12-16 15:49:31.197  3930  3930 D KeyguardUpdateMonitor: handleBatteryUpdate
12-16 15:49:32.167  1161 21134 E LocSvc_ApiV02: I/<--- void globalEventCb(locClientHandleType, uint32_t, locClientEventIndUnionType, void*) line 104 QMI_LOC_EVENT_GNSS_SV_INFO_IND_V02
12-16 15:49:32.177  1161  4167 D GpsLocationProvider_ex: SV Count : 0      (PRN, SNR, Elevation, Azimuth, Used)
12-16 15:49:33.187  1161 21134 E LocSvc_ApiV02: I/<--- void globalEventCb(locClientHandleType, uint32_t, locClientEventIndUnionType, void*) line 104 QMI_LOC_EVENT_GNSS_SV_INFO_IND_V02
12-16 15:49:33.187  1161  4167 D GpsLocationProvider_ex: SV Count : 0      (PRN, SNR, Elevation, Azimuth, Used)
12-16 15:49:34.167  1161 21134 E LocSvc_ApiV02: I/<--- void globalEventCb(locClientHandleType, uint32_t, locClientEventIndUnionType, void*) line 104 QMI_LOC_EVENT_GNSS_SV_INFO_IND_V02
12-16 15:49:34.177  1161  4167 D GpsLocationProvider_ex: SV Count : 0      (PRN, SNR, Elevation, Azimuth, Used)
12-16 15:49:35.167  1161 21134 E LocSvc_ApiV02: I/<--- void globalEventCb(locClientHandleType, uint32_t, locClientEventIndUnionType, void*) line 104 QMI_LOC_EVENT_GNSS_SV_INFO_IND_V02
12-16 15:49:35.177  1161  4167 D GpsLocationProvider_ex: SV Count : 0      (PRN, SNR, Elevation, Azimuth, Used)
12-16 15:49:36.177  1161 21134 E LocSvc_ApiV02: I/<--- void globalEventCb(locClientHandleType, uint32_t, locClientEventIndUnionType, void*) line 104 QMI_LOC_EVENT_GNSS_SV_INFO_IND_V02
12-16 15:49:36.177  1161  4167 D GpsLocationProvider_ex: SV Count : 0      (PRN, SNR, Elevation, Azimuth, Used)
12-16 15:49:37.167  1161 21134 E LocSvc_ApiV02: I/<--- void globalEventCb(locClientHandleType, uint32_t, locClientEventIndUnionType, void*) line 104 QMI_LOC_EVENT_GNSS_SV_INFO_IND_V02
12-16 15:49:37.167  1161  4167 D GpsLocationProvider_ex: SV Count : 0      (PRN, SNR, Elevation, Azimuth, Used)
12-16 15:49:38.167  1161 21134 E LocSvc_ApiV02: I/<--- void globalEventCb(locClientHandleType, uint32_t, locClientEventIndUnionType, void*) line 104 QMI_LOC_EVENT_GNSS_SV_INFO_IND_V02
12-16 15:49:38.167  1161  4167 D GpsLocationProvider_ex: SV Count : 0      (PRN, SNR, Elevation, Azimuth, Used)
12-16 15:49:39.167  1161 21134 E LocSvc_ApiV02: I/<--- void globalEventCb(locClientHandleType, uint32_t, locClientEventIndUnionType, void*) line 104 QMI_LOC_EVENT_GNSS_SV_INFO_IND_V02
12-16 15:49:39.177  1161  4167 D GpsLocationProvider_ex: SV Count : 0      (PRN, SNR, Elevation, Azimuth, Used)
12-16 15:49:39.897 12176 12176 E SPPClientService: [[PushClientService]] F:false, D:false, E:false, T:false, S:true, R:false
12-16 15:49:40.167  1161 21134 E LocSvc_ApiV02: I/<--- void globalEventCb(locClientHandleType, uint32_t, locClientEventIndUnionType, void*) line 104 QMI_LOC_EVENT_GNSS_SV_INFO_IND_V02
12-16 15:49:40.167  1161  4167 D GpsLocationProvider_ex: SV Count : 0      (PRN, SNR, Elevation, Azimuth, Used)
12-16 15:49:41.177  1161 21134 E LocSvc_ApiV02: I/<--- void globalEventCb(locClientHandleType, uint32_t, locClientEventIndUnionType, void*) line 104 QMI_LOC_EVENT_GNSS_SV_INFO_IND_V02
12-16 15:49:41.177  1161  4167 D GpsLocationProvider_ex: SV Count : 0      (PRN, SNR, Elevation, Azimuth, Used)
12-16 15:49:41.227  3930  3930 D KeyguardUpdateMonitor: received broadcast android.intent.action.BATTERY_CHANGED
12-16 15:49:41.227  3930  3930 I PERF    : received broadcast android.intent.action.BATTERY_CHANGED
12-16 15:49:41.237  3930  3930 D KeyguardUpdateMonitor: handleBatteryUpdate
12-16 15:49:42.177  1161 21134 E LocSvc_ApiV02: I/<--- void globalEventCb(locClientHandleType, uint32_t, locClientEventIndUnionType, void*) line 104 QMI_LOC_EVENT_GNSS_SV_INFO_IND_V02
12-16 15:49:42.177  1161  4167 D GpsLocationProvider_ex: SV Count : 0      (PRN, SNR, Elevation, Azimuth, Used)
12-16 15:49:43.167  1161 21134 E LocSvc_ApiV02: I/<--- void globalEventCb(locClientHandleType, uint32_t, locClientEventIndUnionType, void*) line 104 QMI_LOC_EVENT_GNSS_SV_INFO_IND_V02
12-16 15:49:43.177  1161  4167 D GpsLocationProvider_ex: SV Count : 0      (PRN, SNR, Elevation, Azimuth, Used)
12-16 15:49:44.167  1161 21134 E LocSvc_ApiV02: I/<--- void globalEventCb(locClientHandleType, uint32_t, locClientEventIndUnionType, void*) line 104 QMI_LOC_EVENT_GNSS_SV_INFO_IND_V02
12-16 15:49:44.167  1161  4167 D GpsLocationProvider_ex: SV Count : 0      (PRN, SNR, Elevation, Azimuth, Used)
12-16 15:49:45.167  1161 21134 E LocSvc_ApiV02: I/<--- void globalEventCb(locClientHandleType, uint32_t, locClientEventIndUnionType, void*) line 104 QMI_LOC_EVENT_GNSS_SV_INFO_IND_V02
12-16 15:49:45.167  1161  4167 D GpsLocationProvider_ex: SV Count : 0      (PRN, SNR, Elevation, Azimuth, Used)
12-16 15:49:45.187  4448 28581 I GCoreUlr: Successfully inserted 1 locations
12-16 15:49:45.187  4448 27521 I PlaceInferenceEngine: No beacon scan available - ignoring candidates.
12-16 15:49:45.207  4448 22920 W ctxmgr  : [ContextSpecificAclFactory]LocationConsent failed, ULR opt-in status is: false, account#1104273345#
12-16 15:49:45.207  4448 22920 W ctxmgr  : [AclManager]No 2 for (accnt=account#1104273345#, com.google.android.gms(10014):UserLocationProducer, vrsn=10084000, 0, 3pPkg = null ,  3pMdlId = null). Was: 2 for 1, account#1104273345#
12-16 15:49:45.217  4448 22920 W ctxmgr  : [ContextSpecificAclFactory]LocationConsent failed, ULR opt-in status is: false, account#-1207953113#
12-16 15:49:45.227  4448 22920 W ctxmgr  : [AclManager]No 2 for (accnt=account#-1207953113#, com.google.android.gms(10014):UserLocationProducer, vrsn=10084000, 0, 3pPkg = null ,  3pMdlId = null). Was: 2 for 1, account#-1207953113#
12-16 15:49:45.457  4448 27521 I PlaceInferenceEngine: No beacon scan available - ignoring candidates.
12-16 15:49:45.537  4448  4468 I art     : Background sticky concurrent mark sweep GC freed 251764(16MB) AllocSpace objects, 5(100KB) LOS objects, 31% free, 29MB/43MB, paused 4.781ms total 108.624ms
12-16 15:49:46.167  1161 21134 E LocSvc_ApiV02: I/<--- void globalEventCb(locClientHandleType, uint32_t, locClientEventIndUnionType, void*) line 104 QMI_LOC_EVENT_GNSS_SV_INFO_IND_V02
12-16 15:49:46.167  1161  4167 D GpsLocationProvider_ex: SV Count : 0      (PRN, SNR, Elevation, Azimuth, Used)
12-16 15:49:47.167  1161 21134 E LocSvc_ApiV02: I/<--- void globalEventCb(locClientHandleType, uint32_t, locClientEventIndUnionType, void*) line 104 QMI_LOC_EVENT_GNSS_SV_INFO_IND_V02
12-16 15:49:47.177  1161  4167 D GpsLocationProvider_ex: SV Count : 0      (PRN, SNR, Elevation, Azimuth, Used)
12-16 15:49:47.367  3930  3930 D StatusBar.NetworkController: onSignalStrengthsChanged signalStrength=SignalStrength: 99 99 -120 -160 -120 -1 -1 15 -120 2147483647 -54 -1 2147483647 0x1000 gsm|lte level=1
12-16 15:49:47.367  3930  3930 D StatusBar.NetworkController: updateTelephonySignalStrength: hasService=true ss=SignalStrength: 99 99 -120 -160 -120 -1 -1 15 -120 2147483647 -54 -1 2147483647 0x1000 gsm|lte
12-16 15:49:47.367  3930  3930 D StatusBar.NetworkController: updateTelephonySignalStrength: iconLevel=1
12-16 15:49:47.367  3930  3930 D StatusBar.NetworkController: updateTelephonySignalStrength, No signal level. mPhoneSignalIconId = com.android.systemui:drawable/stat_sys_signal_1_auto_rotate mDataSignalIconId = com.android.systemui:drawable/stat_sys_signal_1_auto_rotate mQSPhoneSignalIconId = com.android.systemui:drawable/ic_qs_signal_1 mContentDescriptionPhoneSignal = Phone one bar.
12-16 15:49:47.467  3930  3930 D StatusBar.NetworkController: refreshViews connected={ data } level=1 combinedSignalIconId=0x7f020548/com.android.systemui:drawable/stat_sys_signal_1_auto_rotate mobileLabel=Telstra wifiLabel= emergencyOnly=false combinedLabel=Telstra mAirplaneMode=false mDataActivity=0 mPhoneSignalIconId=0x7f020548/com.android.systemui:drawable/stat_sys_signal_1_auto_rotate mQSPhoneSignalIconId=0x7f020159/com.android.systemui:drawable/ic_qs_signal_1 mDataDirectionIconId=0x7f02043a/com.android.systemui:drawable/stat_sys_data_fully_connected_4g mDataSignalIconId=0x7f020548/com.android.systemui:drawable/stat_sys_signal_1_auto_rotate mDataTypeIconId=0x7f0203f9/com.android.systemui:drawable/stat_sys_data_connected_4g mQSDataTypeIconId=0x7f02015f/com.android.systemui:drawable/ic_qs_signal_4g mNoSimIconId=0x0/(null) mWifiIconId=0x0/(null) mQSWifiIconId=0x0/(null) mWifiActivityIconId=0x0/(null) mBluetoothTetherIconId=0x7f020624/com.android.systemui:drawable/stat_sys_tether_bluetooth
12-16 15:49:47.467  3930  3930 D StatusBar.NetworkController: refreshNwBoosterIndicator - setNWBoosterIndicators(false)
12-16 15:49:47.477  3930  3930 D StatusBar.NetworkController: refreshNwBoosterIndicator - setNWBoosterIndicators(false)
12-16 15:49:47.487  3930  3930 D StatusBar.NetworkController: refreshNwBoosterIndicator - setNWBoosterIndicators(false)
12-16 15:49:47.497  3930  3930 D StatusBar.NetworkController: refreshNwBoosterIndicator - setNWBoosterIndicators(false)
12-16 15:49:48.167  1161 21134 E LocSvc_ApiV02: I/<--- void globalEventCb(locClientHandleType, uint32_t, locClientEventIndUnionType, void*) line 104 QMI_LOC_EVENT_GNSS_SV_INFO_IND_V02
12-16 15:49:48.167  1161  4167 D GpsLocationProvider_ex: SV Count : 0      (PRN, SNR, Elevation, Azimuth, Used)
12-16 15:49:49.167  1161 21134 E LocSvc_ApiV02: I/<--- void globalEventCb(locClientHandleType, uint32_t, locClientEventIndUnionType, void*) line 104 QMI_LOC_EVENT_GNSS_SV_INFO_IND_V02
12-16 15:49:49.177  1161  4167 D GpsLocationProvider_ex: SV Count : 0      (PRN, SNR, Elevation, Azimuth, Used)
12-16 15:49:50.167  1161 21134 E LocSvc_ApiV02: I/<--- void globalEventCb(locClientHandleType, uint32_t, locClientEventIndUnionType, void*) line 104 QMI_LOC_EVENT_GNSS_SV_INFO_IND_V02
12-16 15:49:50.177  1161  4167 D GpsLocationProvider_ex: SV Count : 0      (PRN, SNR, Elevation, Azimuth, Used)
12-16 15:49:51.167  1161 21134 E LocSvc_ApiV02: I/<--- void globalEventCb(locClientHandleType, uint32_t, locClientEventIndUnionType, void*) line 104 QMI_LOC_EVENT_GNSS_SV_INFO_IND_V02
12-16 15:49:51.177  1161  4167 D GpsLocationProvider_ex: SV Count : 0      (PRN, SNR, Elevation, Azimuth, Used)
12-16 15:49:52.067  3950  3976 D ContactsProvider_EventLog: contents_sample_state: [contacts(617) data(6940) accounts({vnd.sec.contact.sim=9, com.google=372, com.whatsapp=114, com.skype.contacts.sync=269, vnd.sec.contact.phone=12}) accounts deleted({}) calls([logtype:100 cnt:497, logtype:200 cnt:3, logtype:300 cnt:497, logtype:500 cnt:3]) ]
12-16 15:49:52.107 19756 19777 I PlayCommon: [3906] PlayEventLogger.uploadEventsImpl: Preparing logs for uploading
12-16 15:49:52.107 19756 19777 I PlayCommon: [3906] PlayEventLogger.uploadEventsImpl: No file ready to send
12-16 15:49:52.167  1161 21134 E LocSvc_ApiV02: I/<--- void globalEventCb(locClientHandleType, uint32_t, locClientEventIndUnionType, void*) line 104 QMI_LOC_EVENT_GNSS_SV_INFO_IND_V02
12-16 15:49:52.167  1161  4167 D GpsLocationProvider_ex: SV Count : 0      (PRN, SNR, Elevation, Azimuth, Used)
12-16 15:49:53.167  1161 21134 E LocSvc_ApiV02: I/<--- void globalEventCb(locClientHandleType, uint32_t, locClientEventIndUnionType, void*) line 104 QMI_LOC_EVENT_GNSS_SV_INFO_IND_V02
12-16 15:49:53.167  1161  4167 D GpsLocationProvider_ex: SV Count : 0      (PRN, SNR, Elevation, Azimuth, Used)
12-16 15:49:54.167  1161 21134 E LocSvc_ApiV02: I/<--- void globalEventCb(locClientHandleType, uint32_t, locClientEventIndUnionType, void*) line 104 QMI_LOC_EVENT_GNSS_SV_INFO_IND_V02
12-16 15:49:54.167  1161  4167 D GpsLocationProvider_ex: SV Count : 0      (PRN, SNR, Elevation, Azimuth, Used)
12-16 15:49:55.167  1161 21134 E LocSvc_ApiV02: I/<--- void globalEventCb(locClientHandleType, uint32_t, locClientEventIndUnionType, void*) line 104 QMI_LOC_EVENT_GNSS_SV_INFO_IND_V02
12-16 15:49:55.177  1161  4167 D GpsLocationProvider_ex: SV Count : 0      (PRN, SNR, Elevation, Azimuth, Used)
12-16 15:49:56.167  1161 21134 E LocSvc_ApiV02: I/<--- void globalEventCb(locClientHandleType, uint32_t, locClientEventIndUnionType, void*) line 104 QMI_LOC_EVENT_GNSS_SV_INFO_IND_V02
12-16 15:49:56.177  1161  4167 D GpsLocationProvider_ex: SV Count : 0      (PRN, SNR, Elevation, Azimuth, Used)
12-16 15:49:56.377  3930  3930 D StatusBar.NetworkController: onSignalStrengthsChanged signalStrength=SignalStrength: 99 99 -120 -160 -120 -1 -1 14 -120 2147483647 -40 -1 2147483647 0x1000 gsm|lte level=1
12-16 15:49:56.377  3930  3930 D StatusBar.NetworkController: updateTelephonySignalStrength: hasService=true ss=SignalStrength: 99 99 -120 -160 -120 -1 -1 14 -120 2147483647 -40 -1 2147483647 0x1000 gsm|lte
12-16 15:49:56.377  3930  3930 D StatusBar.NetworkController: updateTelephonySignalStrength: iconLevel=1
12-16 15:49:56.377  3930  3930 D StatusBar.NetworkController: updateTelephonySignalStrength, No signal level. mPhoneSignalIconId = com.android.systemui:drawable/stat_sys_signal_1_auto_rotate mDataSignalIconId = com.android.systemui:drawable/stat_sys_signal_1_auto_rotate mQSPhoneSignalIconId = com.android.systemui:drawable/ic_qs_signal_1 mContentDescriptionPhoneSignal = Phone one bar.
12-16 15:49:56.477  3930  3930 D StatusBar.NetworkController: refreshViews connected={ data } level=1 combinedSignalIconId=0x7f020548/com.android.systemui:drawable/stat_sys_signal_1_auto_rotate mobileLabel=Telstra wifiLabel= emergencyOnly=false combinedLabel=Telstra mAirplaneMode=false mDataActivity=0 mPhoneSignalIconId=0x7f020548/com.android.systemui:drawable/stat_sys_signal_1_auto_rotate mQSPhoneSignalIconId=0x7f020159/com.android.systemui:drawable/ic_qs_signal_1 mDataDirectionIconId=0x7f02043a/com.android.systemui:drawable/stat_sys_data_fully_connected_4g mDataSignalIconId=0x7f020548/com.android.systemui:drawable/stat_sys_signal_1_auto_rotate mDataTypeIconId=0x7f0203f9/com.android.systemui:drawable/stat_sys_data_connected_4g mQSDataTypeIconId=0x7f02015f/com.android.systemui:drawable/ic_qs_signal_4g mNoSimIconId=0x0/(null) mWifiIconId=0x0/(null) mQSWifiIconId=0x0/(null) mWifiActivityIconId=0x0/(null) mBluetoothTetherIconId=0x7f020624/com.android.systemui:drawable/stat_sys_tether_bluetooth
12-16 15:49:56.477  3930  3930 D StatusBar.NetworkController: refreshNwBoosterIndicator - setNWBoosterIndicators(false)
12-16 15:49:56.477  3930  3930 D StatusBar.NetworkController: refreshNwBoosterIndicator - setNWBoosterIndicators(false)
12-16 15:49:56.477  3930  3930 D StatusBar.NetworkController: refreshNwBoosterIndicator - setNWBoosterIndicators(false)
12-16 15:49:56.477  3930  3930 D StatusBar.NetworkController: refreshNwBoosterIndicator - setNWBoosterIndicators(false)
12-16 15:49:57.167  1161 21134 E LocSvc_ApiV02: I/<--- void globalEventCb(locClientHandleType, uint32_t, locClientEventIndUnionType, void*) line 104 QMI_LOC_EVENT_GNSS_SV_INFO_IND_V02
12-16 15:49:57.177  1161  4167 D GpsLocationProvider_ex: SV Count : 0      (PRN, SNR, Elevation, Azimuth, Used)
12-16 15:49:57.437  3930  3930 D StatusBar.NetworkController: onSignalStrengthsChanged signalStrength=SignalStrength: 99 99 -120 -160 -120 -1 -1 14 -120 2147483647 -50 -1 2147483647 0x1000 gsm|lte level=1
12-16 15:49:57.437  3930  3930 D StatusBar.NetworkController: updateTelephonySignalStrength: hasService=true ss=SignalStrength: 99 99 -120 -160 -120 -1 -1 14 -120 2147483647 -50 -1 2147483647 0x1000 gsm|lte
12-16 15:49:57.437  3930  3930 D StatusBar.NetworkController: updateTelephonySignalStrength: iconLevel=1
12-16 15:49:57.437  3930  3930 D StatusBar.NetworkController: updateTelephonySignalStrength, No signal level. mPhoneSignalIconId = com.android.systemui:drawable/stat_sys_signal_1_auto_rotate mDataSignalIconId = com.android.systemui:drawable/stat_sys_signal_1_auto_rotate mQSPhoneSignalIconId = com.android.systemui:drawable/ic_qs_signal_1 mContentDescriptionPhoneSignal = Phone one bar.
12-16 15:49:57.507 27070 27131 V MediaPlayer-JNI: release
12-16 15:49:57.507 27070 27131 V MediaPlayer: setListener
12-16 15:49:57.507 27070 27131 V MediaPlayer: disconnect
12-16 15:49:57.507 27070 27131 V MediaPlayer: destructor
12-16 15:49:57.507 27070 27131 V MediaPlayer: disconnect
12-16 15:49:57.537  3930  3930 D StatusBar.NetworkController: refreshViews connected={ data } level=1 combinedSignalIconId=0x7f020548/com.android.systemui:drawable/stat_sys_signal_1_auto_rotate mobileLabel=Telstra wifiLabel= emergencyOnly=false combinedLabel=Telstra mAirplaneMode=false mDataActivity=0 mPhoneSignalIconId=0x7f020548/com.android.systemui:drawable/stat_sys_signal_1_auto_rotate mQSPhoneSignalIconId=0x7f020159/com.android.systemui:drawable/ic_qs_signal_1 mDataDirectionIconId=0x7f02043a/com.android.systemui:drawable/stat_sys_data_fully_connected_4g mDataSignalIconId=0x7f020548/com.android.systemui:drawable/stat_sys_signal_1_auto_rotate mDataTypeIconId=0x7f0203f9/com.android.systemui:drawable/stat_sys_data_connected_4g mQSDataTypeIconId=0x7f02015f/com.android.systemui:drawable/ic_qs_signal_4g mNoSimIconId=0x0/(null) mWifiIconId=0x0/(null) mQSWifiIconId=0x0/(null) mWifiActivityIconId=0x0/(null) mBluetoothTetherIconId=0x7f020624/com.android.systemui:drawable/stat_sys_tether_bluetooth
12-16 15:49:57.537  3930  3930 D StatusBar.NetworkController: refreshNwBoosterIndicator - setNWBoosterIndicators(false)
12-16 15:49:57.537  3930  3930 D StatusBar.NetworkController: refreshNwBoosterIndicator - setNWBoosterIndicators(false)
12-16 15:49:57.537  3930  3930 D StatusBar.NetworkController: refreshNwBoosterIndicator - setNWBoosterIndicators(false)
12-16 15:49:57.537  3930  3930 D StatusBar.NetworkController: refreshNwBoosterIndicator - setNWBoosterIndicators(false)
12-16 15:49:58.167  1161 21134 E LocSvc_ApiV02: I/<--- void globalEventCb(locClientHandleType, uint32_t, locClientEventIndUnionType, void*) line 104 QMI_LOC_EVENT_GNSS_SV_INFO_IND_V02
12-16 15:49:58.177  1161  4167 D GpsLocationProvider_ex: SV Count : 0      (PRN, SNR, Elevation, Azimuth, Used)
12-16 15:49:59.177  1161 21134 E LocSvc_ApiV02: I/<--- void globalEventCb(locClientHandleType, uint32_t, locClientEventIndUnionType, void*) line 104 QMI_LOC_EVENT_GNSS_SV_INFO_IND_V02
12-16 15:49:59.177  1161  4167 D GpsLocationProvider_ex: SV Count : 0      (PRN, SNR, Elevation, Azimuth, Used)
12-16 15:50:00.007  3930  3930 D KeyguardUpdateMonitor: received broadcast android.intent.action.TIME_TICK
12-16 15:50:00.007  3930  3930 I PERF    : received broadcast android.intent.action.TIME_TICK
12-16 15:50:00.007  3930  3930 D KeyguardUpdateMonitor: handleTimeUpdate
12-16 15:50:00.037  3930  3930 D SecKeyguardClockView: onTimeChanged() : mShouldShowDualClock - false, isDualClockSet() -false
12-16 15:50:00.037  3930  3930 D DateView: regionalDateFormat = HH:mm isRTLlanguage = false returnDateFormat = E, d MMMM
12-16 15:50:00.037  3930  3930 D DateView: regionalDateFormat = HH:mm isRTLlanguage = false returnDateFormat = E, d MMMM
12-16 15:50:00.037  3930  3930 D DateView: regionalDateFormat = HH:mm isRTLlanguage = false returnDateFormat = E, d MMMM
12-16 15:50:00.037  3930  3930 D DateView: regionalDateFormat = HH:mm isRTLlanguage = false returnDateFormat = E, d MMMM
12-16 15:50:00.037  3930  3930 D DateView: regionalDateFormat = HH:mm isRTLlanguage = false returnDateFormat = E, d MMMM
12-16 15:50:00.047  3930  3930 D DateView: regionalDateFormat = HH:mm isRTLlanguage = false returnDateFormat = E, d MMMM
12-16 15:50:00.047  3930  3930 D SecKeyguardStatusUtils: regionalDateFormat = HH:mm isRTLlanguage = false returnDateFormat = E, d MMMM
12-16 15:50:00.107  3930  3930 D SecKeyguardStatusUtils: regionalDateFormat = HH:mm isRTLlanguage = false returnDateFormat = E, d MMMM
12-16 15:50:00.167  1161 21134 E LocSvc_ApiV02: I/<--- void globalEventCb(locClientHandleType, uint32_t, locClientEventIndUnionType, void*) line 104 QMI_LOC_EVENT_GNSS_SV_INFO_IND_V02
12-16 15:50:00.177  1161  4167 D GpsLocationProvider_ex: SV Count : 0      (PRN, SNR, Elevation, Azimuth, Used)
12-16 15:50:00.897 23326 27804 I System.out: -- arrlist is null
12-16 15:50:00.897 23326 23326 I System.out: -- service destroyed
12-16 15:50:00.907  3930  3930 D KeyguardUpdateMonitor: received broadcast android.intent.action.BATTERY_CHANGED
12-16 15:50:00.907  3930  3930 I PERF    : received broadcast android.intent.action.BATTERY_CHANGED
12-16 15:50:00.907  3930  3930 D KeyguardUpdateMonitor: handleBatteryUpdate
12-16 15:50:01.177  1161 21134 E LocSvc_ApiV02: I/<--- void globalEventCb(locClientHandleType, uint32_t, locClientEventIndUnionType, void*) line 104 QMI_LOC_EVENT_GNSS_SV_INFO_IND_V02
12-16 15:50:01.177  1161  4167 D GpsLocationProvider_ex: SV Count : 0      (PRN, SNR, Elevation, Azimuth, Used)
12-16 15:50:01.937  3930  3930 D StatusBar.NetworkController: onSignalStrengthsChanged signalStrength=SignalStrength: 99 99 -120 -160 -120 -1 -1 15 -121 2147483647 -44 -1 2147483647 0x0 gsm|lte level=0
12-16 15:50:01.937  3930  3930 D StatusBar.NetworkController: updateTelephonySignalStrength: hasService=true ss=SignalStrength: 99 99 -120 -160 -120 -1 -1 15 -121 2147483647 -44 -1 2147483647 0x0 gsm|lte
12-16 15:50:01.937  3930  3930 D StatusBar.NetworkController: updateTelephonySignalStrength: iconLevel=0
12-16 15:50:01.937  3930  3930 D StatusBar.NetworkController: updateTelephonySignalStrength, No signal level. mPhoneSignalIconId = com.android.systemui:drawable/stat_sys_signal_0_auto_rotate mDataSignalIconId = com.android.systemui:drawable/stat_sys_signal_0_auto_rotate mQSPhoneSignalIconId = com.android.systemui:drawable/ic_qs_signal_0 mContentDescriptionPhoneSignal = No phone.
12-16 15:50:02.037  3930  3930 D StatusBar.NetworkController: refreshViews connected={ data } level=0 combinedSignalIconId=0x7f020520/com.android.systemui:drawable/stat_sys_signal_0_auto_rotate mobileLabel=Telstra wifiLabel= emergencyOnly=false combinedLabel=Telstra mAirplaneMode=false mDataActivity=0 mPhoneSignalIconId=0x7f020520/com.android.systemui:drawable/stat_sys_signal_0_auto_rotate mQSPhoneSignalIconId=0x7f020158/com.android.systemui:drawable/ic_qs_signal_0 mDataDirectionIconId=0x7f02043a/com.android.systemui:drawable/stat_sys_data_fully_connected_4g mDataSignalIconId=0x7f020520/com.android.systemui:drawable/stat_sys_signal_0_auto_rotate mDataTypeIconId=0x7f0203f9/com.android.systemui:drawable/stat_sys_data_connected_4g mQSDataTypeIconId=0x7f02015f/com.android.systemui:drawable/ic_qs_signal_4g mNoSimIconId=0x0/(null) mWifiIconId=0x0/(null) mQSWifiIconId=0x0/(null) mWifiActivityIconId=0x0/(null) mBluetoothTetherIconId=0x7f020624/com.android.systemui:drawable/stat_sys_tether_bluetooth
12-16 15:50:02.037  3930  3930 D StatusBar.NetworkController: refreshNwBoosterIndicator - setNWBoosterIndicators(false)
12-16 15:50:02.047  3930  3930 D StatusBar.NetworkController: refreshNwBoosterIndicator - setNWBoosterIndicators(false)
12-16 15:50:02.057  3930  3930 D StatusBar.NetworkController: refreshNwBoosterIndicator - setNWBoosterIndicators(false)
12-16 15:50:02.057  3930  3930 D StatusBar.NetworkController: refreshNwBoosterIndicator - setNWBoosterIndicators(false)
12-16 15:50:02.167  1161 21134 E LocSvc_ApiV02: I/<--- void globalEventCb(locClientHandleType, uint32_t, locClientEventIndUnionType, void*) line 104 QMI_LOC_EVENT_GNSS_SV_INFO_IND_V02
12-16 15:50:02.167  1161  4167 D GpsLocationProvider_ex: SV Count : 0      (PRN, SNR, Elevation, Azimuth, Used)
12-16 15:50:03.167  1161 21134 E LocSvc_ApiV02: I/<--- void globalEventCb(locClientHandleType, uint32_t, locClientEventIndUnionType, void*) line 104 QMI_LOC_EVENT_GNSS_SV_INFO_IND_V02
12-16 15:50:03.177  1161  4167 D GpsLocationProvider_ex: SV Count : 0      (PRN, SNR, Elevation, Azimuth, Used)
12-16 15:50:04.157  3930  3930 D StatusBar.NetworkController: onSignalStrengthsChanged signalStrength=SignalStrength: 99 99 -120 -160 -120 -1 -1 15 -120 2147483647 -54 -1 2147483647 0x1000 gsm|lte level=1
12-16 15:50:04.157  3930  3930 D StatusBar.NetworkController: updateTelephonySignalStrength: hasService=true ss=SignalStrength: 99 99 -120 -160 -120 -1 -1 15 -120 2147483647 -54 -1 2147483647 0x1000 gsm|lte
12-16 15:50:04.157  3930  3930 D StatusBar.NetworkController: updateTelephonySignalStrength: iconLevel=1
12-16 15:50:04.157  3930  3930 D StatusBar.NetworkController: updateTelephonySignalStrength, No signal level. mPhoneSignalIconId = com.android.systemui:drawable/stat_sys_signal_1_auto_rotate mDataSignalIconId = com.android.systemui:drawable/stat_sys_signal_1_auto_rotate mQSPhoneSignalIconId = com.android.systemui:drawable/ic_qs_signal_1 mContentDescriptionPhoneSignal = Phone one bar.
12-16 15:50:04.177  1161 21134 E LocSvc_ApiV02: I/<--- void globalEventCb(locClientHandleType, uint32_t, locClientEventIndUnionType, void*) line 104 QMI_LOC_EVENT_GNSS_SV_INFO_IND_V02
12-16 15:50:04.177  1161  4167 D GpsLocationProvider_ex: SV Count : 0      (PRN, SNR, Elevation, Azimuth, Used)
12-16 15:50:04.267  3930  3930 D StatusBar.NetworkController: refreshViews connected={ data } level=1 combinedSignalIconId=0x7f020548/com.android.systemui:drawable/stat_sys_signal_1_auto_rotate mobileLabel=Telstra wifiLabel= emergencyOnly=false combinedLabel=Telstra mAirplaneMode=false mDataActivity=0 mPhoneSignalIconId=0x7f020548/com.android.systemui:drawable/stat_sys_signal_1_auto_rotate mQSPhoneSignalIconId=0x7f020159/com.android.systemui:drawable/ic_qs_signal_1 mDataDirectionIconId=0x7f02043a/com.android.systemui:drawable/stat_sys_data_fully_connected_4g mDataSignalIconId=0x7f020548/com.android.systemui:drawable/stat_sys_signal_1_auto_rotate mDataTypeIconId=0x7f0203f9/com.android.systemui:drawable/stat_sys_data_connected_4g mQSDataTypeIconId=0x7f02015f/com.android.systemui:drawable/ic_qs_signal_4g mNoSimIconId=0x0/(null) mWifiIconId=0x0/(null) mQSWifiIconId=0x0/(null) mWifiActivityIconId=0x0/(null) mBluetoothTetherIconId=0x7f020624/com.android.systemui:drawable/stat_sys_tether_bluetooth
12-16 15:50:04.267  3930  3930 D StatusBar.NetworkController: refreshNwBoosterIndicator - setNWBoosterIndicators(false)
12-16 15:50:04.267  3930  3930 D StatusBar.NetworkController: refreshNwBoosterIndicator - setNWBoosterIndicators(false)
12-16 15:50:04.277  3930  3930 D StatusBar.NetworkController: refreshNwBoosterIndicator - setNWBoosterIndicators(false)
12-16 15:50:04.277  3930  3930 D StatusBar.NetworkController: refreshNwBoosterIndicator - setNWBoosterIndicators(false)
12-16 15:50:05.177  1161 21134 E LocSvc_ApiV02: I/<--- void globalEventCb(locClientHandleType, uint32_t, locClientEventIndUnionType, void*) line 104 QMI_LOC_EVENT_GNSS_SV_INFO_IND_V02
12-16 15:50:05.177  1161  4167 D GpsLocationProvider_ex: SV Count : 0      (PRN, SNR, Elevation, Azimuth, Used)
12-16 15:50:06.197  1161 21134 E LocSvc_ApiV02: I/<--- void globalEventCb(locClientHandleType, uint32_t, locClientEventIndUnionType, void*) line 104 QMI_LOC_EVENT_GNSS_SV_INFO_IND_V02
12-16 15:50:06.197  1161  4167 D GpsLocationProvider_ex: SV Count : 0      (PRN, SNR, Elevation, Azimuth, Used)
12-16 15:50:06.397  3930  3930 D StatusBar.NetworkController: onSignalStrengthsChanged signalStrength=SignalStrength: 99 99 -120 -160 -120 -1 -1 14 -121 2147483647 -50 -1 2147483647 0x0 gsm|lte level=0
12-16 15:50:06.397  3930  3930 D StatusBar.NetworkController: updateTelephonySignalStrength: hasService=true ss=SignalStrength: 99 99 -120 -160 -120 -1 -1 14 -121 2147483647 -50 -1 2147483647 0x0 gsm|lte
12-16 15:50:06.397  3930  3930 D StatusBar.NetworkController: updateTelephonySignalStrength: iconLevel=0
12-16 15:50:06.397  3930  3930 D StatusBar.NetworkController: updateTelephonySignalStrength, No signal level. mPhoneSignalIconId = com.android.systemui:drawable/stat_sys_signal_0_auto_rotate mDataSignalIconId = com.android.systemui:drawable/stat_sys_signal_0_auto_rotate mQSPhoneSignalIconId = com.android.systemui:drawable/ic_qs_signal_0 mContentDescriptionPhoneSignal = No phone.
12-16 15:50:06.507  3930  3930 D StatusBar.NetworkController: refreshViews connected={ data } level=0 combinedSignalIconId=0x7f020520/com.android.systemui:drawable/stat_sys_signal_0_auto_rotate mobileLabel=Telstra wifiLabel= emergencyOnly=false combinedLabel=Telstra mAirplaneMode=false mDataActivity=0 mPhoneSignalIconId=0x7f020520/com.android.systemui:drawable/stat_sys_signal_0_auto_rotate mQSPhoneSignalIconId=0x7f020158/com.android.systemui:drawable/ic_qs_signal_0 mDataDirectionIconId=0x7f02043a/com.android.systemui:drawable/stat_sys_data_fully_connected_4g mDataSignalIconId=0x7f020520/com.android.systemui:drawable/stat_sys_signal_0_auto_rotate mDataTypeIconId=0x7f0203f9/com.android.systemui:drawable/stat_sys_data_connected_4g mQSDataTypeIconId=0x7f02015f/com.android.systemui:drawable/ic_qs_signal_4g mNoSimIconId=0x0/(null) mWifiIconId=0x0/(null) mQSWifiIconId=0x0/(null) mWifiActivityIconId=0x0/(null) mBluetoothTetherIconId=0x7f020624/com.android.systemui:drawable/stat_sys_tether_bluetooth
12-16 15:50:06.507  3930  3930 D StatusBar.NetworkController: refreshNwBoosterIndicator - setNWBoosterIndicators(false)
12-16 15:50:06.517  3930  3930 D StatusBar.NetworkController: refreshNwBoosterIndicator - setNWBoosterIndicators(false)
12-16 15:50:06.517  3930  3930 D StatusBar.NetworkController: refreshNwBoosterIndicator - setNWBoosterIndicators(false)
12-16 15:50:06.527  3930  3930 D StatusBar.NetworkController: refreshNwBoosterIndicator - setNWBoosterIndicators(false)
12-16 15:50:07.177  1161 21134 E LocSvc_ApiV02: I/<--- void globalEventCb(locClientHandleType, uint32_t, locClientEventIndUnionType, void*) line 104 QMI_LOC_EVENT_GNSS_SV_INFO_IND_V02
