12-16 15:53:48.257  3930  3930 D StatusBar.NetworkController: refreshViews connected={ data } level=1 combinedSignalIconId=0x7f020548/com.android.systemui:drawable/stat_sys_signal_1_auto_rotate mobileLabel=Telstra wifiLabel= emergencyOnly=false combinedLabel=Telstra mAirplaneMode=false mDataActivity=0 mPhoneSignalIconId=0x7f020548/com.android.systemui:drawable/stat_sys_signal_1_auto_rotate mQSPhoneSignalIconId=0x7f020159/com.android.systemui:drawable/ic_qs_signal_1 mDataDirectionIconId=0x7f02043a/com.android.systemui:drawable/stat_sys_data_fully_connected_4g mDataSignalIconId=0x7f020548/com.android.systemui:drawable/stat_sys_signal_1_auto_rotate mDataTypeIconId=0x7f0203f9/com.android.systemui:drawable/stat_sys_data_connected_4g mQSDataTypeIconId=0x7f02015f/com.android.systemui:drawable/ic_qs_signal_4g mNoSimIconId=0x0/(null) mWifiIconId=0x0/(null) mQSWifiIconId=0x0/(null) mWifiActivityIconId=0x0/(null) mBluetoothTetherIconId=0x7f020624/com.android.systemui:drawable/stat_sys_tether_bluetooth
12-16 15:53:48.257  3930  3930 D StatusBar.NetworkController: refreshNwBoosterIndicator - setNWBoosterIndicators(false)
12-16 15:53:48.257  3930  3930 D StatusBar.NetworkController: refreshNwBoosterIndicator - setNWBoosterIndicators(false)
12-16 15:53:48.267  3930  3930 D StatusBar.NetworkController: refreshNwBoosterIndicator - setNWBoosterIndicators(false)
12-16 15:53:48.267  3930  3930 D StatusBar.NetworkController: refreshNwBoosterIndicator - setNWBoosterIndicators(false)
12-16 15:53:49.197  1161 21134 E LocSvc_ApiV02: I/<--- void globalEventCb(locClientHandleType, uint32_t, locClientEventIndUnionType, void*) line 104 QMI_LOC_EVENT_GNSS_SV_INFO_IND_V02
12-16 15:53:49.197  1161  4167 D GpsLocationProvider_ex: SV Count : 0      (PRN, SNR, Elevation, Azimuth, Used)
12-16 15:53:50.197  1161 21134 E LocSvc_ApiV02: I/<--- void globalEventCb(locClientHandleType, uint32_t, locClientEventIndUnionType, void*) line 104 QMI_LOC_EVENT_GNSS_SV_INFO_IND_V02
12-16 15:53:50.207  1161  4167 D GpsLocationProvider_ex: SV Count : 0      (PRN, SNR, Elevation, Azimuth, Used)
12-16 15:53:51.197  1161 21134 E LocSvc_ApiV02: I/<--- void globalEventCb(locClientHandleType, uint32_t, locClientEventIndUnionType, void*) line 104 QMI_LOC_EVENT_GNSS_SV_INFO_IND_V02
12-16 15:53:51.197  1161  4167 D GpsLocationProvider_ex: SV Count : 0      (PRN, SNR, Elevation, Azimuth, Used)
12-16 15:53:52.197  1161 21134 E LocSvc_ApiV02: I/<--- void globalEventCb(locClientHandleType, uint32_t, locClientEventIndUnionType, void*) line 104 QMI_LOC_EVENT_GNSS_SV_INFO_IND_V02
12-16 15:53:52.207  1161  4167 D GpsLocationProvider_ex: SV Count : 0      (PRN, SNR, Elevation, Azimuth, Used)
12-16 15:53:52.637  3930  3930 D StatusBar.NetworkController: onSignalStrengthsChanged signalStrength=SignalStrength: 99 99 -120 -160 -120 -1 -1 15 -120 2147483647 -48 -1 2147483647 0x1000 gsm|lte level=1
12-16 15:53:52.637  3930  3930 D StatusBar.NetworkController: updateTelephonySignalStrength: hasService=true ss=SignalStrength: 99 99 -120 -160 -120 -1 -1 15 -120 2147483647 -48 -1 2147483647 0x1000 gsm|lte
12-16 15:53:52.637  3930  3930 D StatusBar.NetworkController: updateTelephonySignalStrength: iconLevel=1
12-16 15:53:52.637  3930  3930 D StatusBar.NetworkController: updateTelephonySignalStrength, No signal level. mPhoneSignalIconId = com.android.systemui:drawable/stat_sys_signal_1_auto_rotate mDataSignalIconId = com.android.systemui:drawable/stat_sys_signal_1_auto_rotate mQSPhoneSignalIconId = com.android.systemui:drawable/ic_qs_signal_1 mContentDescriptionPhoneSignal = Phone one bar.
12-16 15:53:52.747  3930  3930 D StatusBar.NetworkController: refreshViews connected={ data } level=1 combinedSignalIconId=0x7f020548/com.android.systemui:drawable/stat_sys_signal_1_auto_rotate mobileLabel=Telstra wifiLabel= emergencyOnly=false combinedLabel=Telstra mAirplaneMode=false mDataActivity=0 mPhoneSignalIconId=0x7f020548/com.android.systemui:drawable/stat_sys_signal_1_auto_rotate mQSPhoneSignalIconId=0x7f020159/com.android.systemui:drawable/ic_qs_signal_1 mDataDirectionIconId=0x7f02043a/com.android.systemui:drawable/stat_sys_data_fully_connected_4g mDataSignalIconId=0x7f020548/com.android.systemui:drawable/stat_sys_signal_1_auto_rotate mDataTypeIconId=0x7f0203f9/com.android.systemui:drawable/stat_sys_data_connected_4g mQSDataTypeIconId=0x7f02015f/com.android.systemui:drawable/ic_qs_signal_4g mNoSimIconId=0x0/(null) mWifiIconId=0x0/(null) mQSWifiIconId=0x0/(null) mWifiActivityIconId=0x0/(null) mBluetoothTetherIconId=0x7f020624/com.android.systemui:drawable/stat_sys_tether_bluetooth
12-16 15:53:52.747  3930  3930 D StatusBar.NetworkController: refreshNwBoosterIndicator - setNWBoosterIndicators(false)
12-16 15:53:52.747  3930  3930 D StatusBar.NetworkController: refreshNwBoosterIndicator - setNWBoosterIndicators(false)
12-16 15:53:52.747  3930  3930 D StatusBar.NetworkController: refreshNwBoosterIndicator - setNWBoosterIndicators(false)
12-16 15:53:52.747  3930  3930 D StatusBar.NetworkController: refreshNwBoosterIndicator - setNWBoosterIndicators(false)
12-16 15:53:52.767  3950  3976 D ContactsProvider_EventLog: contents_sample_state: [contacts(617) data(6940) accounts({vnd.sec.contact.sim=9, com.google=372, com.whatsapp=114, com.skype.contacts.sync=269, vnd.sec.contact.phone=12}) accounts deleted({}) calls([logtype:100 cnt:497, logtype:200 cnt:3, logtype:300 cnt:497, logtype:500 cnt:3]) ]
12-16 15:53:53.197  1161 21134 E LocSvc_ApiV02: I/<--- void globalEventCb(locClientHandleType, uint32_t, locClientEventIndUnionType, void*) line 104 QMI_LOC_EVENT_GNSS_SV_INFO_IND_V02
12-16 15:53:53.197  1161  4167 D GpsLocationProvider_ex: SV Count : 0      (PRN, SNR, Elevation, Azimuth, Used)
12-16 15:53:54.197  1161 21134 E LocSvc_ApiV02: I/<--- void globalEventCb(locClientHandleType, uint32_t, locClientEventIndUnionType, void*) line 104 QMI_LOC_EVENT_GNSS_SV_INFO_IND_V02
12-16 15:53:54.197  1161  4167 D GpsLocationProvider_ex: SV Count : 0      (PRN, SNR, Elevation, Azimuth, Used)
12-16 15:53:54.877  3930  3930 D StatusBar.NetworkController: onSignalStrengthsChanged signalStrength=SignalStrength: 99 99 -120 -160 -120 -1 -1 15 -121 2147483647 -42 -1 2147483647 0x0 gsm|lte level=0
12-16 15:53:54.877  3930  3930 D StatusBar.NetworkController: updateTelephonySignalStrength: hasService=true ss=SignalStrength: 99 99 -120 -160 -120 -1 -1 15 -121 2147483647 -42 -1 2147483647 0x0 gsm|lte
12-16 15:53:54.877  3930  3930 D StatusBar.NetworkController: updateTelephonySignalStrength: iconLevel=0
12-16 15:53:54.877  3930  3930 D StatusBar.NetworkController: updateTelephonySignalStrength, No signal level. mPhoneSignalIconId = com.android.systemui:drawable/stat_sys_signal_0_auto_rotate mDataSignalIconId = com.android.systemui:drawable/stat_sys_signal_0_auto_rotate mQSPhoneSignalIconId = com.android.systemui:drawable/ic_qs_signal_0 mContentDescriptionPhoneSignal = No phone.
12-16 15:53:54.987  3930  3930 D StatusBar.NetworkController: refreshViews connected={ data } level=0 combinedSignalIconId=0x7f020520/com.android.systemui:drawable/stat_sys_signal_0_auto_rotate mobileLabel=Telstra wifiLabel= emergencyOnly=false combinedLabel=Telstra mAirplaneMode=false mDataActivity=0 mPhoneSignalIconId=0x7f020520/com.android.systemui:drawable/stat_sys_signal_0_auto_rotate mQSPhoneSignalIconId=0x7f020158/com.android.systemui:drawable/ic_qs_signal_0 mDataDirectionIconId=0x7f02043a/com.android.systemui:drawable/stat_sys_data_fully_connected_4g mDataSignalIconId=0x7f020520/com.android.systemui:drawable/stat_sys_signal_0_auto_rotate mDataTypeIconId=0x7f0203f9/com.android.systemui:drawable/stat_sys_data_connected_4g mQSDataTypeIconId=0x7f02015f/com.android.systemui:drawable/ic_qs_signal_4g mNoSimIconId=0x0/(null) mWifiIconId=0x0/(null) mQSWifiIconId=0x0/(null) mWifiActivityIconId=0x0/(null) mBluetoothTetherIconId=0x7f020624/com.android.systemui:drawable/stat_sys_tether_bluetooth
12-16 15:53:54.987  3930  3930 D StatusBar.NetworkController: refreshNwBoosterIndicator - setNWBoosterIndicators(false)
12-16 15:53:54.997  3930  3930 D StatusBar.NetworkController: refreshNwBoosterIndicator - setNWBoosterIndicators(false)
12-16 15:53:54.997  3930  3930 D StatusBar.NetworkController: refreshNwBoosterIndicator - setNWBoosterIndicators(false)
12-16 15:53:55.007  3930  3930 D StatusBar.NetworkController: refreshNwBoosterIndicator - setNWBoosterIndicators(false)
12-16 15:53:55.197  1161 21134 E LocSvc_ApiV02: I/<--- void globalEventCb(locClientHandleType, uint32_t, locClientEventIndUnionType, void*) line 104 QMI_LOC_EVENT_GNSS_SV_INFO_IND_V02
12-16 15:53:55.197  1161  4167 D GpsLocationProvider_ex: SV Count : 0      (PRN, SNR, Elevation, Azimuth, Used)
12-16 15:53:56.197  1161 21134 E LocSvc_ApiV02: I/<--- void globalEventCb(locClientHandleType, uint32_t, locClientEventIndUnionType, void*) line 104 QMI_LOC_EVENT_GNSS_SV_INFO_IND_V02
12-16 15:53:56.207  1161  4167 D GpsLocationProvider_ex: SV Count : 0      (PRN, SNR, Elevation, Azimuth, Used)
12-16 15:53:57.197  1161 21134 E LocSvc_ApiV02: I/<--- void globalEventCb(locClientHandleType, uint32_t, locClientEventIndUnionType, void*) line 104 QMI_LOC_EVENT_GNSS_SV_INFO_IND_V02
12-16 15:53:57.207  1161  4167 D GpsLocationProvider_ex: SV Count : 0      (PRN, SNR, Elevation, Azimuth, Used)
12-16 15:53:58.197  1161 21134 E LocSvc_ApiV02: I/<--- void globalEventCb(locClientHandleType, uint32_t, locClientEventIndUnionType, void*) line 104 QMI_LOC_EVENT_GNSS_SV_INFO_IND_V02
12-16 15:53:58.207  1161  4167 D GpsLocationProvider_ex: SV Count : 0      (PRN, SNR, Elevation, Azimuth, Used)
12-16 15:53:59.197  1161 21134 E LocSvc_ApiV02: I/<--- void globalEventCb(locClientHandleType, uint32_t, locClientEventIndUnionType, void*) line 104 QMI_LOC_EVENT_GNSS_SV_INFO_IND_V02
12-16 15:53:59.207  1161  4167 D GpsLocationProvider_ex: SV Count : 0      (PRN, SNR, Elevation, Azimuth, Used)
12-16 15:54:00.007  3930  3930 D KeyguardUpdateMonitor: received broadcast android.intent.action.TIME_TICK
12-16 15:54:00.007  3930  3930 I PERF    : received broadcast android.intent.action.TIME_TICK
12-16 15:54:00.017  3930  3930 D KeyguardUpdateMonitor: handleTimeUpdate
12-16 15:54:00.027  3930  3930 D SecKeyguardClockView: onTimeChanged() : mShouldShowDualClock - false, isDualClockSet() -false
12-16 15:54:00.037  3930  3930 D DateView: regionalDateFormat = HH:mm isRTLlanguage = false returnDateFormat = E, d MMMM
12-16 15:54:00.037  3930  3930 D DateView: regionalDateFormat = HH:mm isRTLlanguage = false returnDateFormat = E, d MMMM
12-16 15:54:00.037  3930  3930 D DateView: regionalDateFormat = HH:mm isRTLlanguage = false returnDateFormat = E, d MMMM
12-16 15:54:00.037  3930  3930 D DateView: regionalDateFormat = HH:mm isRTLlanguage = false returnDateFormat = E, d MMMM
12-16 15:54:00.037  3930  3930 D DateView: regionalDateFormat = HH:mm isRTLlanguage = false returnDateFormat = E, d MMMM
12-16 15:54:00.037  3930  3930 D DateView: regionalDateFormat = HH:mm isRTLlanguage = false returnDateFormat = E, d MMMM
12-16 15:54:00.047  3930  3930 D SecKeyguardStatusUtils: regionalDateFormat = HH:mm isRTLlanguage = false returnDateFormat = E, d MMMM
12-16 15:54:00.117  3930  3930 D SecKeyguardStatusUtils: regionalDateFormat = HH:mm isRTLlanguage = false returnDateFormat = E, d MMMM
12-16 15:54:00.197  1161 21134 E LocSvc_ApiV02: I/<--- void globalEventCb(locClientHandleType, uint32_t, locClientEventIndUnionType, void*) line 104 QMI_LOC_EVENT_GNSS_SV_INFO_IND_V02
12-16 15:54:00.197  1161  4167 D GpsLocationProvider_ex: SV Count : 0      (PRN, SNR, Elevation, Azimuth, Used)
12-16 15:54:00.877 23326 30938 I System.out: -- arrlist is null
12-16 15:54:00.877 23326 23326 I System.out: -- service destroyed
12-16 15:54:00.907  3930  3930 D KeyguardUpdateMonitor: received broadcast android.intent.action.BATTERY_CHANGED
12-16 15:54:00.907  3930  3930 I PERF    : received broadcast android.intent.action.BATTERY_CHANGED
12-16 15:54:00.907  3930  3930 D KeyguardUpdateMonitor: handleBatteryUpdate
12-16 15:54:01.107 30939 30939 E Zygote  : v2
12-16 15:54:01.107 30939 30939 I SELinux : Function: selinux_compare_spd_ram, index[1], SPD-policy is existed. and_ver=SEPF_SM-G900I_5.0-1 ver=51
12-16 15:54:01.107 30939 30939 W SELinux : Function: selinux_compare_spd_ram, index[1], priority [2], priority version is VE=SEPF_SECMOBILE_6.0.1_0030
12-16 15:54:01.117 30939 30939 E Zygote  : accessInfo : 0
12-16 15:54:01.117 30939 30939 W SELinux : SELinux: seapp_context_lookup: seinfo=shared, level=s0:c512,c768, pkgname=com.sec.android.daemonapp 
12-16 15:54:01.167 30939 30939 D TimaKeyStoreProvider: TimaSignature is unavailable
12-16 15:54:01.167 30939 30939 D ActivityThread: Added TimaKeyStore provider
12-16 15:54:01.197  1161 21134 E LocSvc_ApiV02: I/<--- void globalEventCb(locClientHandleType, uint32_t, locClientEventIndUnionType, void*) line 104 QMI_LOC_EVENT_GNSS_SV_INFO_IND_V02
12-16 15:54:01.197  1161  4167 D GpsLocationProvider_ex: SV Count : 0      (PRN, SNR, Elevation, Azimuth, Used)
12-16 15:54:01.227 30939 30939 W System  : ClassLoader referenced unknown path: /system/app/WeatherDaemon2014_MMR/lib/arm
12-16 15:54:01.257 30939 30939 D comsamsungapp: [MSC_Daemon]>>> WCP:1124 [0:0] Provider Created
12-16 15:54:01.267 30939 30939 D comsamsungapp: [MSC_Daemon]>>> AOH:46 [0:0] OpenHelper : 67
12-16 15:54:01.287 30939 30939 D comsamsungapp: [MSC_Daemon]>>> WNCP:216 [0:0] WeatherNewsJP Provider Created
12-16 15:54:01.287 30939 30939 D comsamsungapp: [MSC_Daemon]>>> AOH:46 [0:0] OpenHelper : 67
12-16 15:54:01.287 30939 30939 D comsamsungapp: [MSC_Daemon]>>> CCP:226 [0:0] CmaWeather Provider Created
12-16 15:54:01.297 30939 30939 D comsamsungapp: [MSC_Daemon]>>> AOH:46 [0:0] OpenHelper : 67
12-16 15:54:01.297 30939 30939 D comsamsungapp: [MSC_Daemon]>>> KWCP:221 [0:0] KWeather Provider Created
12-16 15:54:01.297 30939 30939 D comsamsungapp: [MSC_Daemon]>>> AOH:46 [0:0] OpenHelper : 67
12-16 15:54:01.317 30939 30939 D comsamsungapp: [MSC_Daemon]>>> WU:262 [0:0] regintype : SEA
12-16 15:54:01.317 30939 30939 D comsamsungapp: [MSC_Daemon]>>> WU:303 [0:0] cp type is : cp_eng
12-16 15:54:01.317 30939 30939 D comsamsungapp: [MSC_Daemon]>>> WCS:39 [0:0] onStartcommand()
12-16 15:54:01.317 30939 30939 D comsamsungapp: [MSC_Daemon]>>> WU:262 [0:0] regintype : SEA
12-16 15:54:01.327 30939 30939 D comsamsungapp: [MSC_Daemon]>>> WU:303 [0:0] cp type is : cp_eng
12-16 15:54:01.327 30939 30939 D comsamsungapp: [MSC_Daemon]>>> WCS:62 [0:0] CP Name cp_eng
12-16 15:54:01.327 30939 30939 D comsamsungapp: [MSC_Daemon]>>> WCP:1144 [0:0] Provider query : content://daemonappapaccuweatherprovider/weatherinfo
12-16 15:54:01.357 30939 30939 D comsamsungapp: [MSC_Daemon]>>> WU:262 [0:0] regintype : SEA
12-16 15:54:01.357 30939 30939 D comsamsungapp: [MSC_Daemon]>>> WU:303 [0:0] cp type is : cp_eng
12-16 15:54:01.367 30939 30939 D comsamsungapp: [MSC_Daemon]>>> WCS:74 [0:0] WeatherIconNumConverter : GMT+11, 05:43 AM, 08:15 PM
12-16 15:54:01.377 30939 30939 D comsamsungapp: [MSC_Daemon]>>> WU:262 [0:0] regintype : SEA
12-16 15:54:01.377 30939 30939 D comsamsungapp: [MSC_Daemon]>>> WU:303 [0:0] cp type is : cp_eng
12-16 15:54:01.377 30939 30939 D comsamsungapp: [MSC_Daemon]>>> WCP:1144 [0:0] Provider query : content://daemonappapaccuweatherprovider/settings
12-16 15:54:01.377 30939 30939 D comsamsungapp: [MSC_Daemon]>>> WCP:1144 [0:0] Provider query : content://daemonappapaccuweatherprovider/weatherinfo
12-16 15:54:01.387 30939 30939 D comsamsungapp: [MSC_Daemon]>>> WDSM:41 [0:0] Act : widgetappapaccuweatherdaemonactionCHANGE_ICON_OF_DAEMON, run:true
12-16 15:54:01.397 30939 30939 D comsamsunglog: [MSC_Daemon]>>> ====================================================================================================================
12-16 15:54:01.397 30939 30939 D comsamsunglog: [MSC_Daemon]>>> daemonapp [Version : 1602011514259 ] [ 3 ] 
12-16 15:54:01.397 30939 30939 D comsamsunglog: [MSC_Daemon]>>> Header set to : ===> "daemonapp" <===
12-16 15:54:01.397 30939 30939 D comsamsunglog: [MSC_Daemon]>>> ====================================================================================================================
12-16 15:54:01.397 30939 30939 D daemonapp: [MSC_Daemon]>>> WDSM:82 [0:0] c:12212, r:3
12-16 15:54:01.397 30939 30939 D daemonapp: [MSC_Daemon]>>> WDSM:434 [0:0] ====ACTION_SEC_CHANGE_ICON_OF_DAEMON===
12-16 15:54:01.397 30939 30939 D daemonapp: [MSC_Daemon]>>> WDSM:438 [0:0] checkDay:true, UtilgetIsDay():true
12-16 15:54:01.417 30939 30939 D daemonapp: [MSC_Daemon]>>> WU:262 [0:0] regintype : SEA
12-16 15:54:01.427 30939 30939 D daemonapp: [MSC_Daemon]>>> WU:303 [0:0] cp type is : cp_eng
12-16 15:54:01.427 30939 30939 D daemonapp: [MSC_Daemon]>>> WCP:1144 [0:0] Provider query : content://apaccuweatherprovider/settings
12-16 15:54:01.427 30939 30939 D daemonapp: [MSC_Daemon]>>> WCP:1144 [0:0] Provider query : content://apaccuweatherprovider/weatherinfo
12-16 15:54:01.437 30939 30939 D daemonapp: [MSC_Daemon]>>> WDSM:41 [0:0] Act : widgetappapaccuweatherdaemonactionCHANGE_ICON_OF_DAEMON, run:true
12-16 15:54:01.437 30939 30939 D comsamsunglog: [MSC_Daemon]>>> ====================================================================================================================
12-16 15:54:01.437 30939 30939 D comsamsunglog: [MSC_Daemon]>>> daemonapp [Version : 1602011514259 ] [ 3 ] 
12-16 15:54:01.437 30939 30939 D comsamsunglog: [MSC_Daemon]>>> Header set to : ===> "daemonapp" <===
12-16 15:54:01.437 30939 30939 D comsamsunglog: [MSC_Daemon]>>> ====================================================================================================================
12-16 15:54:01.437 30939 30939 D daemonapp: [MSC_Daemon]>>> WDSM:82 [0:0] c:12212, r:3
12-16 15:54:01.437 30939 30939 D daemonapp: [MSC_Daemon]>>> WDSM:434 [0:0] ====ACTION_SEC_CHANGE_ICON_OF_DAEMON===
12-16 15:54:01.437 30939 30939 D daemonapp: [MSC_Daemon]>>> WDSM:438 [0:0] checkDay:true, UtilgetIsDay():true
12-16 15:54:01.457 30939 30939 D daemonapp: [MSC_Daemon]>>> WU:262 [0:0] regintype : SEA
12-16 15:54:01.457 30939 30939 D daemonapp: [MSC_Daemon]>>> WU:303 [0:0] cp type is : cp_eng
12-16 15:54:01.457 30939 30939 D daemonapp: [MSC_Daemon]>>> WCP:1144 [0:0] Provider query : content://apaccuweatherprovider/settings
12-16 15:54:01.467 30939 30939 D daemonapp: [MSC_Daemon]>>> WCP:1144 [0:0] Provider query : content://apaccuweatherprovider/weatherinfo
12-16 15:54:01.467 30939 30939 D daemonapp: [MSC_Daemon]>>> WDSM:41 [0:0] Act : widgetappapaccuweatherdaemonactionCHANGE_ICON_OF_DAEMON, run:true
12-16 15:54:01.467 30939 30939 D comsamsunglog: [MSC_Daemon]>>> ====================================================================================================================
12-16 15:54:01.467 30939 30939 D comsamsunglog: [MSC_Daemon]>>> daemonapp [Version : 1602011514259 ] [ 3 ] 
12-16 15:54:01.477 30939 30939 D comsamsunglog: [MSC_Daemon]>>> Header set to : ===> "daemonapp" <===
12-16 15:54:01.477 30939 30939 D comsamsunglog: [MSC_Daemon]>>> ====================================================================================================================
12-16 15:54:01.477 30939 30939 D daemonapp: [MSC_Daemon]>>> WDSM:82 [0:0] c:12212, r:3
12-16 15:54:01.477 30939 30939 D daemonapp: [MSC_Daemon]>>> WDSM:434 [0:0] ====ACTION_SEC_CHANGE_ICON_OF_DAEMON===
12-16 15:54:01.477 30939 30939 D daemonapp: [MSC_Daemon]>>> WDSM:438 [0:0] checkDay:true, UtilgetIsDay():true
12-16 15:54:01.487 30939 30939 D daemonapp: [MSC_Daemon]>>> WU:262 [0:0] regintype : SEA
12-16 15:54:01.487 30939 30939 D daemonapp: [MSC_Daemon]>>> WU:303 [0:0] cp type is : cp_eng
12-16 15:54:01.487 30939 30939 D daemonapp: [MSC_Daemon]>>> WCP:1144 [0:0] Provider query : content://apaccuweatherprovider/settings
12-16 15:54:01.497 30939 30939 D daemonapp: [MSC_Daemon]>>> WCP:1144 [0:0] Provider query : content://apaccuweatherprovider/weatherinfo
12-16 15:54:01.497 30939 30939 D daemonapp: [MSC_Daemon]>>> WDSM:41 [0:0] Act : widgetappapaccuweatherdaemonactionCHANGE_ICON_OF_DAEMON, run:true
12-16 15:54:01.497 30939 30939 D comsamsunglog: [MSC_Daemon]>>> ====================================================================================================================
12-16 15:54:01.497 30939 30939 D comsamsunglog: [MSC_Daemon]>>> daemonapp [Version : 1602011514259 ] [ 3 ] 
12-16 15:54:01.497 30939 30939 D comsamsunglog: [MSC_Daemon]>>> Header set to : ===> "daemonapp" <===
12-16 15:54:01.497 30939 30939 D comsamsunglog: [MSC_Daemon]>>> ====================================================================================================================
12-16 15:54:01.497 30939 30939 D daemonapp: [MSC_Daemon]>>> WDSM:82 [0:0] c:12212, r:3
12-16 15:54:01.497 30939 30939 D daemonapp: [MSC_Daemon]>>> WDSM:434 [0:0] ====ACTION_SEC_CHANGE_ICON_OF_DAEMON===
12-16 15:54:01.497 30939 30939 D daemonapp: [MSC_Daemon]>>> WDSM:438 [0:0] checkDay:true, UtilgetIsDay():true
12-16 15:54:01.597  3930  3930 D StatusBar.NetworkController: onSignalStrengthsChanged signalStrength=SignalStrength: 99 99 -120 -160 -120 -1 -1 15 -121 2147483647 -36 -1 2147483647 0x0 gsm|lte level=0
12-16 15:54:01.597  3930  3930 D StatusBar.NetworkController: updateTelephonySignalStrength: hasService=true ss=SignalStrength: 99 99 -120 -160 -120 -1 -1 15 -121 2147483647 -36 -1 2147483647 0x0 gsm|lte
12-16 15:54:01.597  3930  3930 D StatusBar.NetworkController: updateTelephonySignalStrength: iconLevel=0
12-16 15:54:01.597  3930  3930 D StatusBar.NetworkController: updateTelephonySignalStrength, No signal level. mPhoneSignalIconId = com.android.systemui:drawable/stat_sys_signal_0_auto_rotate mDataSignalIconId = com.android.systemui:drawable/stat_sys_signal_0_auto_rotate mQSPhoneSignalIconId = com.android.systemui:drawable/ic_qs_signal_0 mContentDescriptionPhoneSignal = No phone.
12-16 15:54:01.707  3930  3930 D StatusBar.NetworkController: refreshViews connected={ data } level=0 combinedSignalIconId=0x7f020520/com.android.systemui:drawable/stat_sys_signal_0_auto_rotate mobileLabel=Telstra wifiLabel= emergencyOnly=false combinedLabel=Telstra mAirplaneMode=false mDataActivity=0 mPhoneSignalIconId=0x7f020520/com.android.systemui:drawable/stat_sys_signal_0_auto_rotate mQSPhoneSignalIconId=0x7f020158/com.android.systemui:drawable/ic_qs_signal_0 mDataDirectionIconId=0x7f02043a/com.android.systemui:drawable/stat_sys_data_fully_connected_4g mDataSignalIconId=0x7f020520/com.android.systemui:drawable/stat_sys_signal_0_auto_rotate mDataTypeIconId=0x7f0203f9/com.android.systemui:drawable/stat_sys_data_connected_4g mQSDataTypeIconId=0x7f02015f/com.android.systemui:drawable/ic_qs_signal_4g mNoSimIconId=0x0/(null) mWifiIconId=0x0/(null) mQSWifiIconId=0x0/(null) mWifiActivityIconId=0x0/(null) mBluetoothTetherIconId=0x7f020624/com.android.systemui:drawable/stat_sys_tether_bluetooth
12-16 15:54:01.707  3930  3930 D StatusBar.NetworkController: refreshNwBoosterIndicator - setNWBoosterIndicators(false)
12-16 15:54:01.707  3930  3930 D StatusBar.NetworkController: refreshNwBoosterIndicator - setNWBoosterIndicators(false)
12-16 15:54:01.707  3930  3930 D StatusBar.NetworkController: refreshNwBoosterIndicator - setNWBoosterIndicators(false)
12-16 15:54:01.717  3930  3930 D StatusBar.NetworkController: refreshNwBoosterIndicator - setNWBoosterIndicators(false)
12-16 15:54:02.197  1161 21134 E LocSvc_ApiV02: I/<--- void globalEventCb(locClientHandleType, uint32_t, locClientEventIndUnionType, void*) line 104 QMI_LOC_EVENT_GNSS_SV_INFO_IND_V02
12-16 15:54:02.207  1161  4167 D GpsLocationProvider_ex: SV Count : 0      (PRN, SNR, Elevation, Azimuth, Used)
12-16 15:54:02.417  3930  3930 D StatusBar.NetworkController: onSignalStrengthsChanged signalStrength=SignalStrength: 99 99 -120 -160 -120 -1 -1 15 -121 2147483647 -48 -1 2147483647 0x0 gsm|lte level=0
12-16 15:54:02.417  3930  3930 D StatusBar.NetworkController: updateTelephonySignalStrength: hasService=true ss=SignalStrength: 99 99 -120 -160 -120 -1 -1 15 -121 2147483647 -48 -1 2147483647 0x0 gsm|lte
12-16 15:54:02.417  3930  3930 D StatusBar.NetworkController: updateTelephonySignalStrength: iconLevel=0
12-16 15:54:02.417  3930  3930 D StatusBar.NetworkController: updateTelephonySignalStrength, No signal level. mPhoneSignalIconId = com.android.systemui:drawable/stat_sys_signal_0_auto_rotate mDataSignalIconId = com.android.systemui:drawable/stat_sys_signal_0_auto_rotate mQSPhoneSignalIconId = com.android.systemui:drawable/ic_qs_signal_0 mContentDescriptionPhoneSignal = No phone.
12-16 15:54:02.517  3930  3930 D StatusBar.NetworkController: refreshViews connected={ data } level=0 combinedSignalIconId=0x7f020520/com.android.systemui:drawable/stat_sys_signal_0_auto_rotate mobileLabel=Telstra wifiLabel= emergencyOnly=false combinedLabel=Telstra mAirplaneMode=false mDataActivity=0 mPhoneSignalIconId=0x7f020520/com.android.systemui:drawable/stat_sys_signal_0_auto_rotate mQSPhoneSignalIconId=0x7f020158/com.android.systemui:drawable/ic_qs_signal_0 mDataDirectionIconId=0x7f02043a/com.android.systemui:drawable/stat_sys_data_fully_connected_4g mDataSignalIconId=0x7f020520/com.android.systemui:drawable/stat_sys_signal_0_auto_rotate mDataTypeIconId=0x7f0203f9/com.android.systemui:drawable/stat_sys_data_connected_4g mQSDataTypeIconId=0x7f02015f/com.android.systemui:drawable/ic_qs_signal_4g mNoSimIconId=0x0/(null) mWifiIconId=0x0/(null) mQSWifiIconId=0x0/(null) mWifiActivityIconId=0x0/(null) mBluetoothTetherIconId=0x7f020624/com.android.systemui:drawable/stat_sys_tether_bluetooth
12-16 15:54:02.527  3930  3930 D StatusBar.NetworkController: refreshNwBoosterIndicator - setNWBoosterIndicators(false)
12-16 15:54:02.527  3930  3930 D StatusBar.NetworkController: refreshNwBoosterIndicator - setNWBoosterIndicators(false)
12-16 15:54:02.527  3930  3930 D StatusBar.NetworkController: refreshNwBoosterIndicator - setNWBoosterIndicators(false)
12-16 15:54:02.527  3930  3930 D StatusBar.NetworkController: refreshNwBoosterIndicator - setNWBoosterIndicators(false)
12-16 15:54:03.197  1161 21134 E LocSvc_ApiV02: I/<--- void globalEventCb(locClientHandleType, uint32_t, locClientEventIndUnionType, void*) line 104 QMI_LOC_EVENT_GNSS_SV_INFO_IND_V02
12-16 15:54:03.197  1161  4167 D GpsLocationProvider_ex: SV Count : 0      (PRN, SNR, Elevation, Azimuth, Used)
12-16 15:54:03.837  3930  3930 D StatusBar.NetworkController: onSignalStrengthsChanged signalStrength=SignalStrength: 99 99 -120 -160 -120 -1 -1 16 -121 2147483647 -84 -1 2147483647 0x0 gsm|lte level=0
12-16 15:54:03.837  3930  3930 D StatusBar.NetworkController: updateTelephonySignalStrength: hasService=true ss=SignalStrength: 99 99 -120 -160 -120 -1 -1 16 -121 2147483647 -84 -1 2147483647 0x0 gsm|lte
12-16 15:54:03.837  3930  3930 D StatusBar.NetworkController: updateTelephonySignalStrength: iconLevel=0
12-16 15:54:03.837  3930  3930 D StatusBar.NetworkController: updateTelephonySignalStrength, No signal level. mPhoneSignalIconId = com.android.systemui:drawable/stat_sys_signal_0_auto_rotate mDataSignalIconId = com.android.systemui:drawable/stat_sys_signal_0_auto_rotate mQSPhoneSignalIconId = com.android.systemui:drawable/ic_qs_signal_0 mContentDescriptionPhoneSignal = No phone.
12-16 15:54:03.947  3930  3930 D StatusBar.NetworkController: refreshViews connected={ data } level=0 combinedSignalIconId=0x7f020520/com.android.systemui:drawable/stat_sys_signal_0_auto_rotate mobileLabel=Telstra wifiLabel= emergencyOnly=false combinedLabel=Telstra mAirplaneMode=false mDataActivity=0 mPhoneSignalIconId=0x7f020520/com.android.systemui:drawable/stat_sys_signal_0_auto_rotate mQSPhoneSignalIconId=0x7f020158/com.android.systemui:drawable/ic_qs_signal_0 mDataDirectionIconId=0x7f02043a/com.android.systemui:drawable/stat_sys_data_fully_connected_4g mDataSignalIconId=0x7f020520/com.android.systemui:drawable/stat_sys_signal_0_auto_rotate mDataTypeIconId=0x7f0203f9/com.android.systemui:drawable/stat_sys_data_connected_4g mQSDataTypeIconId=0x7f02015f/com.android.systemui:drawable/ic_qs_signal_4g mNoSimIconId=0x0/(null) mWifiIconId=0x0/(null) mQSWifiIconId=0x0/(null) mWifiActivityIconId=0x0/(null) mBluetoothTetherIconId=0x7f020624/com.android.systemui:drawable/stat_sys_tether_bluetooth
12-16 15:54:03.947  3930  3930 D StatusBar.NetworkController: refreshNwBoosterIndicator - setNWBoosterIndicators(false)
12-16 15:54:03.947  3930  3930 D StatusBar.NetworkController: refreshNwBoosterIndicator - setNWBoosterIndicators(false)
12-16 15:54:03.947  3930  3930 D StatusBar.NetworkController: refreshNwBoosterIndicator - setNWBoosterIndicators(false)
12-16 15:54:03.947  3930  3930 D StatusBar.NetworkController: refreshNwBoosterIndicator - setNWBoosterIndicators(false)
12-16 15:54:04.197  1161 21134 E LocSvc_ApiV02: I/<--- void globalEventCb(locClientHandleType, uint32_t, locClientEventIndUnionType, void*) line 104 QMI_LOC_EVENT_GNSS_SV_INFO_IND_V02
12-16 15:54:04.207  1161  4167 D GpsLocationProvider_ex: SV Count : 0      (PRN, SNR, Elevation, Azimuth, Used)
12-16 15:54:05.197  1161 21134 E LocSvc_ApiV02: I/<--- void globalEventCb(locClientHandleType, uint32_t, locClientEventIndUnionType, void*) line 104 QMI_LOC_EVENT_GNSS_SV_INFO_IND_V02
12-16 15:54:05.207  1161  4167 D GpsLocationProvider_ex: SV Count : 0      (PRN, SNR, Elevation, Azimuth, Used)
12-16 15:54:05.407  3930  3930 D StatusBar.NetworkController: onSignalStrengthsChanged signalStrength=SignalStrength: 99 99 -120 -160 -120 -1 -1 15 -121 2147483647 -40 -1 2147483647 0x0 gsm|lte level=0
12-16 15:54:05.417  3930  3930 D StatusBar.NetworkController: updateTelephonySignalStrength: hasService=true ss=SignalStrength: 99 99 -120 -160 -120 -1 -1 15 -121 2147483647 -40 -1 2147483647 0x0 gsm|lte
12-16 15:54:05.417  3930  3930 D StatusBar.NetworkController: updateTelephonySignalStrength: iconLevel=0
12-16 15:54:05.427  3930  3930 D StatusBar.NetworkController: updateTelephonySignalStrength, No signal level. mPhoneSignalIconId = com.android.systemui:drawable/stat_sys_signal_0_auto_rotate mDataSignalIconId = com.android.systemui:drawable/stat_sys_signal_0_auto_rotate mQSPhoneSignalIconId = com.android.systemui:drawable/ic_qs_signal_0 mContentDescriptionPhoneSignal = No phone.
12-16 15:54:05.527  3930  3930 D StatusBar.NetworkController: refreshViews connected={ data } level=0 combinedSignalIconId=0x7f020520/com.android.systemui:drawable/stat_sys_signal_0_auto_rotate mobileLabel=Telstra wifiLabel= emergencyOnly=false combinedLabel=Telstra mAirplaneMode=false mDataActivity=0 mPhoneSignalIconId=0x7f020520/com.android.systemui:drawable/stat_sys_signal_0_auto_rotate mQSPhoneSignalIconId=0x7f020158/com.android.systemui:drawable/ic_qs_signal_0 mDataDirectionIconId=0x7f02043a/com.android.systemui:drawable/stat_sys_data_fully_connected_4g mDataSignalIconId=0x7f020520/com.android.systemui:drawable/stat_sys_signal_0_auto_rotate mDataTypeIconId=0x7f0203f9/com.android.systemui:drawable/stat_sys_data_connected_4g mQSDataTypeIconId=0x7f02015f/com.android.systemui:drawable/ic_qs_signal_4g mNoSimIconId=0x0/(null) mWifiIconId=0x0/(null) mQSWifiIconId=0x0/(null) mWifiActivityIconId=0x0/(null) mBluetoothTetherIconId=0x7f020624/com.android.systemui:drawable/stat_sys_tether_bluetooth
12-16 15:54:05.527  3930  3930 D StatusBar.NetworkController: refreshNwBoosterIndicator - setNWBoosterIndicators(false)
12-16 15:54:05.527  3930  3930 D StatusBar.NetworkController: refreshNwBoosterIndicator - setNWBoosterIndicators(false)
12-16 15:54:05.537  3930  3930 D StatusBar.NetworkController: refreshNwBoosterIndicator - setNWBoosterIndicators(false)
12-16 15:54:05.537  3930  3930 D StatusBar.NetworkController: refreshNwBoosterIndicator - setNWBoosterIndicators(false)
12-16 15:54:06.197  1161 21134 E LocSvc_ApiV02: I/<--- void globalEventCb(locClientHandleType, uint32_t, locClientEventIndUnionType, void*) line 104 QMI_LOC_EVENT_GNSS_SV_INFO_IND_V02
12-16 15:54:06.197  1161  4167 D GpsLocationProvider_ex: SV Count : 0      (PRN, SNR, Elevation, Azimuth, Used)
12-16 15:54:07.197  1161 21134 E LocSvc_ApiV02: I/<--- void globalEventCb(locClientHandleType, uint32_t, locClientEventIndUnionType, void*) line 104 QMI_LOC_EVENT_GNSS_SV_INFO_IND_V02
12-16 15:54:07.207  1161  4167 D GpsLocationProvider_ex: SV Count : 0      (PRN, SNR, Elevation, Azimuth, Used)
12-16 15:54:08.197  1161 21134 E LocSvc_ApiV02: I/<--- void globalEventCb(locClientHandleType, uint32_t, locClientEventIndUnionType, void*) line 104 QMI_LOC_EVENT_GNSS_SV_INFO_IND_V02
12-16 15:54:08.197  1161  4167 D GpsLocationProvider_ex: SV Count : 0      (PRN, SNR, Elevation, Azimuth, Used)
12-16 15:54:09.197  1161 21134 E LocSvc_ApiV02: I/<--- void globalEventCb(locClientHandleType, uint32_t, locClientEventIndUnionType, void*) line 104 QMI_LOC_EVENT_GNSS_SV_INFO_IND_V02
12-16 15:54:09.207  1161  4167 D GpsLocationProvider_ex: SV Count : 0      (PRN, SNR, Elevation, Azimuth, Used)
12-16 15:54:10.197  1161 21134 E LocSvc_ApiV02: I/<--- void globalEventCb(locClientHandleType, uint32_t, locClientEventIndUnionType, void*) line 104 QMI_LOC_EVENT_GNSS_SV_INFO_IND_V02
12-16 15:54:10.207  1161  4167 D GpsLocationProvider_ex: SV Count : 0      (PRN, SNR, Elevation, Azimuth, Used)
12-16 15:54:11.107 30963 30963 E Zygote  : v2
12-16 15:54:11.107 30963 30963 I SELinux : Function: selinux_compare_spd_ram, index[1], SPD-policy is existed. and_ver=SEPF_SM-G900I_5.0-1 ver=51
12-16 15:54:11.107 30963 30963 W SELinux : Function: selinux_compare_spd_ram, index[1], priority [2], priority version is VE=SEPF_SECMOBILE_6.0.1_0030
12-16 15:54:11.117 30963 30963 E Zygote  : accessInfo : 0
12-16 15:54:11.117 30963 30963 W SELinux : SELinux: seapp_context_lookup: seinfo=platform, level=s0:c512,c768, pkgname=com.sec.android.wallet 
12-16 15:54:11.147 30963 30963 D TimaKeyStoreProvider: TimaSignature is unavailable
12-16 15:54:11.147 30963 30963 D ActivityThread: Added TimaKeyStore provider
12-16 15:54:11.197  1161 21134 E LocSvc_ApiV02: I/<--- void globalEventCb(locClientHandleType, uint32_t, locClientEventIndUnionType, void*) line 104 QMI_LOC_EVENT_GNSS_SV_INFO_IND_V02
12-16 15:54:11.197  1161  4167 D GpsLocationProvider_ex: SV Count : 0      (PRN, SNR, Elevation, Azimuth, Used)
12-16 15:54:11.267 30963 30963 V SWP2.C.DebugUtil: DEBUG_JSON_FILE : debug_wallet.prop
12-16 15:54:11.267 30963 30963 V SWP2.C.DebugUtil: DEBUG_MODE_ON : false
12-16 15:54:11.267 30963 30963 V SWP2.C.DebugUtil: DEBUG_USE_DEBUG_ACTIVITY : false
12-16 15:54:11.267 30963 30963 V SWP2.C.DebugUtil: DEBUG_USE_CAPTURE_PROTECT_OFF : false
12-16 15:54:11.267 30963 30963 V SWP2.C.DebugUtil: DEBUG_SERVER_URL : 
12-16 15:54:11.267 30963 30963 V SWP2.C.DebugUtil: DEBUG_COUNTRY_CODE : 
12-16 15:54:11.267 30963 30963 V SWP2.C.DebugUtil: DEBUG_MODEL_NAME : 
12-16 15:54:11.267 30963 30963 V SWP2.C.DebugUtil: DEBUG_MCC : 
12-16 15:54:11.267 30963 30963 V SWP2.C.DebugUtil: DEBUG_MNC : 
12-16 15:54:11.267 30963 30963 V SWP2.C.DebugUtil: DEBUG_LAUNCH_MODE : 
12-16 15:54:11.267 30963 30963 V SWP2.C.DebugUtil: DEBUG_MCOM_CERTIFICATE : false
12-16 15:54:11.267 30963 30963 V SWP2.C.DebugUtil: DEBUG_FORCE_LOGIN_CANCEL : false
12-16 15:54:11.267 30963 30963 V SWP2.C.DebugUtil: DEBUG_SILENT_INSTALL : false
12-16 15:54:11.267 30963 30963 V SWP2.C.DebugUtil: DEBUG_APP_VERSION_TYPE : 
12-16 15:54:11.277 30963 30963 V SWP2.C.AddressCheckUtil: WALLET 2.0 Protocol : HTTPS
12-16 15:54:11.277 30963 30963 V SWP2.C.AddressCheckUtil: WALLET 2.0 URL : api.wallet.samsung.com
12-16 15:54:11.277 30963 30963 V SWP2.C.AddressCheckUtil: WALLET 2.0 Port : 443
12-16 15:54:11.277 30963 30963 V SWP2.C.AddressCheckUtil: INICIS URL : walletpay.inicis.com
12-16 15:54:11.277 30963 30963 V SWP2.C.AddressCheckUtil: CARD WEBVIEW TYPE : prd2
12-16 15:54:11.277 30963 30963 V SWP2.C.AddressCheckUtil: MCOM LIST URL : 
12-16 15:54:11.277 30963 30963 V SWP2.C.AddressCheckUtil: MCOM ISSUE URL : 
12-16 15:54:11.277 30963 30963 V SWP2.C.AddressCheckUtil: PAYPAL URL : http://scarecrowserver.paypal.com/response.jsp
12-16 15:54:11.277 30963 30963 V SWP2.C.AddressCheckUtil: IMAGE URL : image.wallet.samsung.com
12-16 15:54:11.367 30963 30963 I Database: JNI_OnLoad called
12-16 15:54:11.367 30963 30963 I Database: JNI_OnLoad register methods 
12-16 15:54:11.397  3930  3930 D StatusBar.NetworkController: onSignalStrengthsChanged signalStrength=SignalStrength: 99 99 -120 -160 -120 -1 -1 15 -121 2147483647 -60 -1 2147483647 0x0 gsm|lte level=0
12-16 15:54:11.397  3930  3930 D StatusBar.NetworkController: updateTelephonySignalStrength: hasService=true ss=SignalStrength: 99 99 -120 -160 -120 -1 -1 15 -121 2147483647 -60 -1 2147483647 0x0 gsm|lte
12-16 15:54:11.397  3930  3930 D StatusBar.NetworkController: updateTelephonySignalStrength: iconLevel=0
12-16 15:54:11.407  3930  3930 D StatusBar.NetworkController: updateTelephonySignalStrength, No signal level. mPhoneSignalIconId = com.android.systemui:drawable/stat_sys_signal_0_auto_rotate mDataSignalIconId = com.android.systemui:drawable/stat_sys_signal_0_auto_rotate mQSPhoneSignalIconId = com.android.systemui:drawable/ic_qs_signal_0 mContentDescriptionPhoneSignal = No phone.
12-16 15:54:11.507  3930  3930 D StatusBar.NetworkController: refreshViews connected={ data } level=0 combinedSignalIconId=0x7f020520/com.android.systemui:drawable/stat_sys_signal_0_auto_rotate mobileLabel=Telstra wifiLabel= emergencyOnly=false combinedLabel=Telstra mAirplaneMode=false mDataActivity=0 mPhoneSignalIconId=0x7f020520/com.android.systemui:drawable/stat_sys_signal_0_auto_rotate mQSPhoneSignalIconId=0x7f020158/com.android.systemui:drawable/ic_qs_signal_0 mDataDirectionIconId=0x7f02043a/com.android.systemui:drawable/stat_sys_data_fully_connected_4g mDataSignalIconId=0x7f020520/com.android.systemui:drawable/stat_sys_signal_0_auto_rotate mDataTypeIconId=0x7f0203f9/com.android.systemui:drawable/stat_sys_data_connected_4g mQSDataTypeIconId=0x7f02015f/com.android.systemui:drawable/ic_qs_signal_4g mNoSimIconId=0x0/(null) mWifiIconId=0x0/(null) mQSWifiIconId=0x0/(null) mWifiActivityIconId=0x0/(null) mBluetoothTetherIconId=0x7f020624/com.android.systemui:drawable/stat_sys_tether_bluetooth
12-16 15:54:11.507  3930  3930 D StatusBar.NetworkController: refreshNwBoosterIndicator - setNWBoosterIndicators(false)
12-16 15:54:11.507  3930  3930 D StatusBar.NetworkController: refreshNwBoosterIndicator - setNWBoosterIndicators(false)
12-16 15:54:11.507  3930  3930 D StatusBar.NetworkController: refreshNwBoosterIndicator - setNWBoosterIndicators(false)
12-16 15:54:11.507  3930  3930 D StatusBar.NetworkController: refreshNwBoosterIndicator - setNWBoosterIndicators(false)
12-16 15:54:12.097 30963 30963 I Database: sqlite returned: error code = 26, msg = statement aborts at 1: [PRAGMA user_version;] file is encrypted or is not a database
12-16 15:54:12.137 30963 30963 I Database: sqlite returned: error code = 26, msg = statement aborts at 1: [PRAGMA user_version;] file is encrypted or is not a database
12-16 15:54:12.177 30963 30963 I Database: sqlite returned: error code = 26, msg = statement aborts at 1: [PRAGMA user_version;] file is encrypted or is not a database
12-16 15:54:12.197  1161 21134 E LocSvc_ApiV02: I/<--- void globalEventCb(locClientHandleType, uint32_t, locClientEventIndUnionType, void*) line 104 QMI_LOC_EVENT_GNSS_SV_INFO_IND_V02
12-16 15:54:12.197  1161  4167 D GpsLocationProvider_ex: SV Count : 0      (PRN, SNR, Elevation, Azimuth, Used)
12-16 15:54:12.847 30963 30963 I Database: sqlite returned: error code = 26, msg = file is encrypted or is not a database
12-16 15:54:12.847 30963 30963 E Database: CREATE TABLE android_metadata failed
12-16 15:54:12.857 30963 30963 E Database: Failed to setLocale() when constructing, closing the database
12-16 15:54:12.857 30963 30963 E Database: net.sqlcipher.database.SQLiteException: file is encrypted or is not a database
12-16 15:54:12.857 30963 30963 E Database: 	at net.sqlcipher.database.SQLiteDatabase.native_setLocale(Native Method)
12-16 15:54:12.857 30963 30963 E Database: 	at net.sqlcipher.database.SQLiteDatabase.setLocale(SourceFile:2092)
12-16 15:54:12.857 30963 30963 E Database: 	at net.sqlcipher.database.SQLiteDatabase.<init>(SourceFile:1958)
12-16 15:54:12.857 30963 30963 E Database: 	at net.sqlcipher.database.SQLiteDatabase.openDatabase(SourceFile:875)
12-16 15:54:12.857 30963 30963 E Database: 	at net.sqlcipher.database.SQLiteDatabase.openDatabase(SourceFile:868)
12-16 15:54:12.857 30963 30963 E Database: 	at net.sqlcipher.database.SQLiteDatabase.openOrCreateDatabase(SourceFile:903)
12-16 15:54:12.857 30963 30963 E Database: 	at net.sqlcipher.database.SQLiteDatabase.openOrCreateDatabase(SourceFile:899)
12-16 15:54:12.857 30963 30963 E Database: 	at lk.a(SourceFile:527)
12-16 15:54:12.857 30963 30963 E Database: 	at com.sec.android.wallet.WalletApplication.onCreate(SourceFile:88)
12-16 15:54:12.857 30963 30963 E Database: 	at android.app.Instrumentation.callApplicationOnCreate(Instrumentation.java:1036)
12-16 15:54:12.857 30963 30963 E Database: 	at android.app.ActivityThread.handleBindApplication(ActivityThread.java:6316)
12-16 15:54:12.857 30963 30963 E Database: 	at android.app.ActivityThread.access$1800(ActivityThread.java:221)
12-16 15:54:12.857 30963 30963 E Database: 	at android.app.ActivityThread$H.handleMessage(ActivityThread.java:1860)
12-16 15:54:12.857 30963 30963 E Database: 	at android.os.Handler.dispatchMessage(Handler.java:102)
12-16 15:54:12.857 30963 30963 E Database: 	at android.os.Looper.loop(Looper.java:158)
12-16 15:54:12.857 30963 30963 E Database: 	at android.app.ActivityThread.main(ActivityThread.java:7224)
12-16 15:54:12.857 30963 30963 E Database: 	at java.lang.reflect.Method.invoke(Native Method)
12-16 15:54:12.857 30963 30963 E Database: 	at com.android.internal.os.ZygoteInit$MethodAndArgsCaller.run(ZygoteInit.java:1230)
12-16 15:54:12.857 30963 30963 E Database: 	at com.android.internal.os.ZygoteInit.main(ZygoteInit.java:1120)
12-16 15:54:12.857 30963 30963 I SWP2.C.WalletSQLiteOpenHelper: Migrated DB
12-16 15:54:12.857 30963 30963 D SWP2.C.WalletSQLiteOpenHelper: file is encrypted or is not a database
12-16 15:54:12.867 30963 30963 D SWP2.C.WalletTelephonyManager: MultiSimManager.SIMSLOT1 : 5
12-16 15:54:12.867 30963 30963 D SWP2.C.WalletTelephonyManager: MultiSimManager.SIMSLOT2 : 0
12-16 15:54:12.867 30963 30963 D SWP2.C.WalletTelephonyManager: slot#1 USIM
12-16 15:54:12.867 30963 30963 D SWP2.C.WalletTelephonyManager: USIM available: true
12-16 15:54:12.867 30963 30963 D SWP2.C.WalletInfo: [MCC:505][MNC:01][COUNTRY_CODE:AUS][MODEL:SM-G900I]
12-16 15:54:12.877 30963 30963 V SWP2.C.WalletApplication: set hovering : true
12-16 15:54:12.877 30963 30963 D SWP2.C.LogInManager: getInstance LoginManager
12-16 15:54:12.877 30963 30963 D SWP2.C.LogInManager: Create LoginManager
12-16 15:54:12.887 30963 30963 V SWP2.C.WalletContentProvider: Query URI : content://com.sec.android.wallet/preference
12-16 15:54:12.897 30963 30963 V SWP2.C.WalletContentProvider: Query URI : content://com.sec.android.wallet/preference/app_version
12-16 15:54:12.897 30963 30963 V SWP2.C.WalletContentProvider: Selection : PRPRTY_KEY = ?
12-16 15:54:12.907 30963 30963 V SWP2.C.WalletContentProvider: Update URI : content://com.sec.android.wallet/preference/app_version
12-16 15:54:12.937 30963 30963 V SWP2.C.AlertService: onCreate
12-16 15:54:12.937 30963 30963 V SWP2.C.AlertService: onStartCommand
12-16 15:54:13.197  1161 21134 E LocSvc_ApiV02: I/<--- void globalEventCb(locClientHandleType, uint32_t, locClientEventIndUnionType, void*) line 104 QMI_LOC_EVENT_GNSS_SV_INFO_IND_V02
12-16 15:54:13.197  1161  4167 D GpsLocationProvider_ex: SV Count : 0      (PRN, SNR, Elevation, Azimuth, Used)
12-16 15:54:14.197  1161 21134 E LocSvc_ApiV02: I/<--- void globalEventCb(locClientHandleType, uint32_t, locClientEventIndUnionType, void*) line 104 QMI_LOC_EVENT_GNSS_SV_INFO_IND_V02
12-16 15:54:14.197  1161  4167 D GpsLocationProvider_ex: SV Count : 0      (PRN, SNR, Elevation, Azimuth, Used)
12-16 15:54:15.197  1161 21134 E LocSvc_ApiV02: I/<--- void globalEventCb(locClientHandleType, uint32_t, locClientEventIndUnionType, void*) line 104 QMI_LOC_EVENT_GNSS_SV_INFO_IND_V02
12-16 15:54:15.197  1161  4167 D GpsLocationProvider_ex: SV Count : 0      (PRN, SNR, Elevation, Azimuth, Used)
12-16 15:54:16.207  1161 21134 E LocSvc_ApiV02: I/<--- void globalEventCb(locClientHandleType, uint32_t, locClientEventIndUnionType, void*) line 104 QMI_LOC_EVENT_GNSS_SV_INFO_IND_V02
12-16 15:54:16.207  1161  4167 D GpsLocationProvider_ex: SV Count : 0      (PRN, SNR, Elevation, Azimuth, Used)
12-16 15:54:16.837  1161  4511 D SensorService: SensorEventConnection::SocketBufferSize, SystemSocketBufferSize - 102400, 2097152
12-16 15:54:16.837  1161  4484 E Sensors : Pressure old sensor_state 8705, new sensor_state : 8737 en : 1
12-16 15:54:16.847  4448  4448 D SensorManager: registerListener :: 4, Barometer Sensor, 0, 0,  
12-16 15:54:16.897  3930  3930 D KeyguardUpdateMonitor: received broadcast android.intent.action.BATTERY_CHANGED
12-16 15:54:16.897  3930  3930 I PERF    : received broadcast android.intent.action.BATTERY_CHANGED
12-16 15:54:16.897  3930  3930 D KeyguardUpdateMonitor: handleBatteryUpdate
12-16 15:54:16.967  4448  4448 I GCoreUlr: Starting service, intent=Intent { act=com.google.android.location.reporting.ACTION_UPDATE_ACTIVE_STATE cmp=com.google.android.gms/com.google.android.location.reporting.service.DispatchingService (has extras) }, extras=Bundle[{source=PowerModeReceiver}]
12-16 15:54:17.017  4448  4997 D SensorManager: unregisterListener ::   
12-16 15:54:17.027  1161  4045 D SensorService: SensorEventConnection::SocketBufferSize, SystemSocketBufferSize - 102400, 2097152
12-16 15:54:17.027  4448  4997 D SensorManager: requestTrigger :: 13, SAMSUNG Significant Motion Sensor,  
12-16 15:54:17.117  1161  3059 E Sensors : Pressure old sensor_state 8737, new sensor_state : 8705 en : 0
12-16 15:54:17.127  4448  4448 D SensorManager: unregisterListener ::   
12-16 15:54:17.197  1161 21134 E LocSvc_ApiV02: I/<--- void globalEventCb(locClientHandleType, uint32_t, locClientEventIndUnionType, void*) line 104 QMI_LOC_EVENT_GNSS_SV_INFO_IND_V02
12-16 15:54:17.197  1161  4167 D GpsLocationProvider_ex: SV Count : 0      (PRN, SNR, Elevation, Azimuth, Used)
12-16 15:54:17.217  1161  1170 I art     : Background partial concurrent mark sweep GC freed 94614(6MB) AllocSpace objects, 97(1940KB) LOS objects, 21% free, 58MB/74MB, paused 2.825ms total 164.796ms
12-16 15:54:17.397  4448 30829 I GCoreUlr: DispatchingService.updateActiveState+PowerModeReceiver: Ensuring that reporting is active for [account#-16#]
12-16 15:54:17.427  4448 30829 I GCoreUlr: GMS FLP location and AR updates requested: {"description":"stationary","newRequest":true,"samplePeriodMs":2160000,"sampleReason":"stationary","sampleSource":"internal","timestampMs":1481864057029}
12-16 15:54:17.437  4448 30829 I GCoreUlr: Place inference reporting - stop
12-16 15:54:17.997  4448 31008 I PlaceInferenceEngine: No beacon scan available - ignoring candidates.
12-16 15:54:18.017  4448 30829 W ctxmgr  : [ContextSpecificAclFactory]LocationConsent failed, ULR opt-in status is: false, account#1104273345#
12-16 15:54:18.017  4448 30829 W ctxmgr  : [AclManager]No 2 for (accnt=account#1104273345#, com.google.android.gms(10014):UserLocationProducer, vrsn=10084000, 0, 3pPkg = null ,  3pMdlId = null). Was: 2 for 1, account#1104273345#
12-16 15:54:18.027  4448 24104 I GCoreUlr: Successfully inserted 1 locations
12-16 15:54:18.057  4448 30829 W ctxmgr  : [ContextSpecificAclFactory]LocationConsent failed, ULR opt-in status is: false, account#-1207953113#
12-16 15:54:18.057  4448 30829 W ctxmgr  : [AclManager]No 2 for (accnt=account#-1207953113#, com.google.android.gms(10014):UserLocationProducer, vrsn=10084000, 0, 3pPkg = null ,  3pMdlId = null). Was: 2 for 1, account#-1207953113#
12-16 15:54:18.197  1161 21134 E LocSvc_ApiV02: I/<--- void globalEventCb(locClientHandleType, uint32_t, locClientEventIndUnionType, void*) line 104 QMI_LOC_EVENT_GNSS_SV_INFO_IND_V02
12-16 15:54:18.197  1161  4167 D GpsLocationProvider_ex: SV Count : 0      (PRN, SNR, Elevation, Azimuth, Used)
12-16 15:54:18.267  4448 31008 I PlaceInferenceEngine: No beacon scan available - ignoring candidates.
12-16 15:54:19.197  1161 21134 E LocSvc_ApiV02: I/<--- void globalEventCb(locClientHandleType, uint32_t, locClientEventIndUnionType, void*) line 104 QMI_LOC_EVENT_GNSS_SV_INFO_IND_V02
12-16 15:54:19.207  1161  4167 D GpsLocationProvider_ex: SV Count : 0      (PRN, SNR, Elevation, Azimuth, Used)
12-16 15:54:20.197  1161 21134 E LocSvc_ApiV02: I/<--- void globalEventCb(locClientHandleType, uint32_t, locClientEventIndUnionType, void*) line 104 QMI_LOC_EVENT_GNSS_SV_INFO_IND_V02
12-16 15:54:20.207  1161  4167 D GpsLocationProvider_ex: SV Count : 0      (PRN, SNR, Elevation, Azimuth, Used)
12-16 15:54:21.197  1161 21134 E LocSvc_ApiV02: I/<--- void globalEventCb(locClientHandleType, uint32_t, locClientEventIndUnionType, void*) line 104 QMI_LOC_EVENT_GNSS_SV_INFO_IND_V02
12-16 15:54:21.207  1161  4167 D GpsLocationProvider_ex: SV Count : 0      (PRN, SNR, Elevation, Azimuth, Used)
12-16 15:54:22.197  1161 21134 E LocSvc_ApiV02: I/<--- void globalEventCb(locClientHandleType, uint32_t, locClientEventIndUnionType, void*) line 104 QMI_LOC_EVENT_GNSS_SV_INFO_IND_V02
12-16 15:54:22.207  1161  4167 D GpsLocationProvider_ex: SV Count : 0      (PRN, SNR, Elevation, Azimuth, Used)
12-16 15:54:23.197  1161 21134 E LocSvc_ApiV02: I/<--- void globalEventCb(locClientHandleType, uint32_t, locClientEventIndUnionType, void*) line 104 QMI_LOC_EVENT_GNSS_SV_INFO_IND_V02
12-16 15:54:23.207  1161  4167 D GpsLocationProvider_ex: SV Count : 0      (PRN, SNR, Elevation, Azimuth, Used)
12-16 15:54:24.197  1161 21134 E LocSvc_ApiV02: I/<--- void globalEventCb(locClientHandleType, uint32_t, locClientEventIndUnionType, void*) line 104 QMI_LOC_EVENT_GNSS_SV_INFO_IND_V02
12-16 15:54:24.197  1161  4167 D GpsLocationProvider_ex: SV Count : 0      (PRN, SNR, Elevation, Azimuth, Used)
